Archive member included to satisfy reference by file (symbol)

c:/st/stm32cubeide_1.9.0/stm32cubeide/plugins/com.st.stm32cube.ide.mcu.externaltools.gnu-tools-for-stm32.10.3-2021.10.win32_1.0.0.202111181127/tools/bin/../lib/gcc/arm-none-eabi/10.3.1/../../../../arm-none-eabi/lib/thumb/v7e-m+fp/hard\libc_nano.a(lib_a-exit.o)
                              c:/st/stm32cubeide_1.9.0/stm32cubeide/plugins/com.st.stm32cube.ide.mcu.externaltools.gnu-tools-for-stm32.10.3-2021.10.win32_1.0.0.202111181127/tools/bin/../lib/gcc/arm-none-eabi/10.3.1/../../../../arm-none-eabi/lib/thumb/v7e-m+fp/hard/crt0.o (exit)
c:/st/stm32cubeide_1.9.0/stm32cubeide/plugins/com.st.stm32cube.ide.mcu.externaltools.gnu-tools-for-stm32.10.3-2021.10.win32_1.0.0.202111181127/tools/bin/../lib/gcc/arm-none-eabi/10.3.1/../../../../arm-none-eabi/lib/thumb/v7e-m+fp/hard\libc_nano.a(lib_a-impure.o)
                              c:/st/stm32cubeide_1.9.0/stm32cubeide/plugins/com.st.stm32cube.ide.mcu.externaltools.gnu-tools-for-stm32.10.3-2021.10.win32_1.0.0.202111181127/tools/bin/../lib/gcc/arm-none-eabi/10.3.1/../../../../arm-none-eabi/lib/thumb/v7e-m+fp/hard\libc_nano.a(lib_a-exit.o) (_global_impure_ptr)
c:/st/stm32cubeide_1.9.0/stm32cubeide/plugins/com.st.stm32cube.ide.mcu.externaltools.gnu-tools-for-stm32.10.3-2021.10.win32_1.0.0.202111181127/tools/bin/../lib/gcc/arm-none-eabi/10.3.1/../../../../arm-none-eabi/lib/thumb/v7e-m+fp/hard\libc_nano.a(lib_a-init.o)
                              c:/st/stm32cubeide_1.9.0/stm32cubeide/plugins/com.st.stm32cube.ide.mcu.externaltools.gnu-tools-for-stm32.10.3-2021.10.win32_1.0.0.202111181127/tools/bin/../lib/gcc/arm-none-eabi/10.3.1/../../../../arm-none-eabi/lib/thumb/v7e-m+fp/hard/crt0.o (__libc_init_array)
c:/st/stm32cubeide_1.9.0/stm32cubeide/plugins/com.st.stm32cube.ide.mcu.externaltools.gnu-tools-for-stm32.10.3-2021.10.win32_1.0.0.202111181127/tools/bin/../lib/gcc/arm-none-eabi/10.3.1/../../../../arm-none-eabi/lib/thumb/v7e-m+fp/hard\libc_nano.a(lib_a-memcpy-stub.o)
                              ./Middlewares/Third_Party/FreeRTOS/Source/queue.o (memcpy)
c:/st/stm32cubeide_1.9.0/stm32cubeide/plugins/com.st.stm32cube.ide.mcu.externaltools.gnu-tools-for-stm32.10.3-2021.10.win32_1.0.0.202111181127/tools/bin/../lib/gcc/arm-none-eabi/10.3.1/../../../../arm-none-eabi/lib/thumb/v7e-m+fp/hard\libc_nano.a(lib_a-memset.o)
                              c:/st/stm32cubeide_1.9.0/stm32cubeide/plugins/com.st.stm32cube.ide.mcu.externaltools.gnu-tools-for-stm32.10.3-2021.10.win32_1.0.0.202111181127/tools/bin/../lib/gcc/arm-none-eabi/10.3.1/../../../../arm-none-eabi/lib/thumb/v7e-m+fp/hard/crt0.o (memset)
c:/st/stm32cubeide_1.9.0/stm32cubeide/plugins/com.st.stm32cube.ide.mcu.externaltools.gnu-tools-for-stm32.10.3-2021.10.win32_1.0.0.202111181127/tools/bin/../lib/gcc/arm-none-eabi/10.3.1/../../../../arm-none-eabi/lib/thumb/v7e-m+fp/hard\libc_nano.a(lib_a-strncmp.o)
                              ./Tracealyzer/trcSnapshotRecorder.o (strncmp)
c:/st/stm32cubeide_1.9.0/stm32cubeide/plugins/com.st.stm32cube.ide.mcu.externaltools.gnu-tools-for-stm32.10.3-2021.10.win32_1.0.0.202111181127/tools/bin/../lib/gcc/arm-none-eabi/10.3.1/thumb/v7e-m+fp/hard\libgcc.a(_arm_fixunsdfsi.o)
                              ./Tracealyzer/trcSnapshotRecorder.o (__aeabi_d2uiz)
c:/st/stm32cubeide_1.9.0/stm32cubeide/plugins/com.st.stm32cube.ide.mcu.externaltools.gnu-tools-for-stm32.10.3-2021.10.win32_1.0.0.202111181127/tools/bin/../lib/gcc/arm-none-eabi/10.3.1/../../../../arm-none-eabi/lib/thumb/v7e-m+fp/hard\libnosys.a(_exit.o)
                              c:/st/stm32cubeide_1.9.0/stm32cubeide/plugins/com.st.stm32cube.ide.mcu.externaltools.gnu-tools-for-stm32.10.3-2021.10.win32_1.0.0.202111181127/tools/bin/../lib/gcc/arm-none-eabi/10.3.1/../../../../arm-none-eabi/lib/thumb/v7e-m+fp/hard\libc_nano.a(lib_a-exit.o) (_exit)

Discarded input sections

 .text          0x0000000000000000        0x0 c:/st/stm32cubeide_1.9.0/stm32cubeide/plugins/com.st.stm32cube.ide.mcu.externaltools.gnu-tools-for-stm32.10.3-2021.10.win32_1.0.0.202111181127/tools/bin/../lib/gcc/arm-none-eabi/10.3.1/thumb/v7e-m+fp/hard/crti.o
 .data          0x0000000000000000        0x0 c:/st/stm32cubeide_1.9.0/stm32cubeide/plugins/com.st.stm32cube.ide.mcu.externaltools.gnu-tools-for-stm32.10.3-2021.10.win32_1.0.0.202111181127/tools/bin/../lib/gcc/arm-none-eabi/10.3.1/thumb/v7e-m+fp/hard/crti.o
 .bss           0x0000000000000000        0x0 c:/st/stm32cubeide_1.9.0/stm32cubeide/plugins/com.st.stm32cube.ide.mcu.externaltools.gnu-tools-for-stm32.10.3-2021.10.win32_1.0.0.202111181127/tools/bin/../lib/gcc/arm-none-eabi/10.3.1/thumb/v7e-m+fp/hard/crti.o
 .data          0x0000000000000000        0x4 c:/st/stm32cubeide_1.9.0/stm32cubeide/plugins/com.st.stm32cube.ide.mcu.externaltools.gnu-tools-for-stm32.10.3-2021.10.win32_1.0.0.202111181127/tools/bin/../lib/gcc/arm-none-eabi/10.3.1/thumb/v7e-m+fp/hard/crtbegin.o
[...]
Memory Configuration

Name             Origin             Length             Attributes
FLASH            0x0000000008000000 0x0000000000100000 xr
RAM              0x0000000020000000 0x0000000000020000 xrw
CCMRAM           0x0000000010000000 0x0000000000010000 rw
*default*        0x0000000000000000 0xffffffffffffffff

Linker script and memory map

LOAD c:/st/stm32cubeide_1.9.0/stm32cubeide/plugins/com.st.stm32cube.ide.mcu.externaltools.gnu-tools-for-stm32.10.3-2021.10.win32_1.0.0.202111181127/tools/bin/../lib/gcc/arm-none-eabi/10.3.1/thumb/v7e-m+fp/hard/crti.o
LOAD c:/st/stm32cubeide_1.9.0/stm32cubeide/plugins/com.st.stm32cube.ide.mcu.externaltools.gnu-tools-for-stm32.10.3-2021.10.win32_1.0.0.202111181127/tools/bin/../lib/gcc/arm-none-eabi/10.3.1/thumb/v7e-m+fp/hard/crtbegin.o
LOAD c:/st/stm32cubeide_1.9.0/stm32cubeide/plugins/com.st.stm32cube.ide.mcu.externaltools.gnu-tools-for-stm32.10.3-2021.10.win32_1.0.0.202111181127/tools/bin/../lib/gcc/arm-none-eabi/10.3.1/../../../../arm-none-eabi/lib/thumb/v7e-m+fp/hard/crt0.o
LOAD ./Drivers/CMSIS/Device/ST/STM32F4xx/Source/Templates/gcc/startup_stm32f407xx.o
LOAD ./Drivers/CMSIS/Device/ST/STM32F4xx/Source/Templates/system_stm32f4xx.o
LOAD ./Drivers/STM32F4xx_HAL_Driver/Src/stm32f4xx_hal.o
LOAD ./Drivers/STM32F4xx_HAL_Driver/Src/stm32f4xx_hal_can.o
LOAD ./Drivers/STM32F4xx_HAL_Driver/Src/stm32f4xx_hal_cortex.o
LOAD ./Drivers/STM32F4xx_HAL_Driver/Src/stm32f4xx_hal_dma.o
LOAD ./Drivers/STM32F4xx_HAL_Driver/Src/stm32f4xx_hal_dma_ex.o
LOAD ./Drivers/STM32F4xx_HAL_Driver/Src/stm32f4xx_hal_flash.o
LOAD ./Drivers/STM32F4xx_HAL_Driver/Src/stm32f4xx_hal_flash_ex.o
LOAD ./Drivers/STM32F4xx_HAL_Driver/Src/stm32f4xx_hal_flash_ramfunc.o
LOAD ./Drivers/STM32F4xx_HAL_Driver/Src/stm32f4xx_hal_gpio.o
LOAD ./Drivers/STM32F4xx_HAL_Driver/Src/stm32f4xx_hal_pwr.o
LOAD ./Drivers/STM32F4xx_HAL_Driver/Src/stm32f4xx_hal_pwr_ex.o
LOAD ./Drivers/STM32F4xx_HAL_Driver/Src/stm32f4xx_hal_rcc.o
LOAD ./Drivers/STM32F4xx_HAL_Driver/Src/stm32f4xx_hal_rcc_ex.o
LOAD ./Drivers/STM32F4xx_HAL_Driver/Src/stm32f4xx_hal_tim.o
LOAD ./Drivers/STM32F4xx_HAL_Driver/Src/stm32f4xx_hal_tim_ex.o
LOAD ./Middlewares/Third_Party/FreeRTOS/Source/CMSIS_RTOS/cmsis_os.o
LOAD ./Middlewares/Third_Party/FreeRTOS/Source/croutine.o
LOAD ./Middlewares/Third_Party/FreeRTOS/Source/event_groups.o
LOAD ./Middlewares/Third_Party/FreeRTOS/Source/list.o
LOAD ./Middlewares/Third_Party/FreeRTOS/Source/queue.o
LOAD ./Middlewares/Third_Party/FreeRTOS/Source/tasks.o
LOAD ./Middlewares/Third_Party/FreeRTOS/Source/timers.o
LOAD ./Middlewares/Third_Party/FreeRTOS/Source/portable/GCC/ARM_CM4F/port.o
LOAD ./Middlewares/Third_Party/FreeRTOS/Source/portable/MemMang/heap_4.o
LOAD ./Src/Lights.o
LOAD ./Src/freertos.o
LOAD ./Src/main.o
LOAD ./Src/stm32f4xx_hal_msp.o
LOAD ./Src/stm32f4xx_hal_timebase_TIM.o
LOAD ./Src/stm32f4xx_it.o
LOAD ./Tracealyzer/trcAssert.o
LOAD ./Tracealyzer/trcCounter.o
LOAD ./Tracealyzer/trcDiagnostics.o
LOAD ./Tracealyzer/trcEntryTable.o
LOAD ./Tracealyzer/trcError.o
LOAD ./Tracealyzer/trcEvent.o
LOAD ./Tracealyzer/trcEventBuffer.o
LOAD ./Tracealyzer/trcExtension.o
LOAD ./Tracealyzer/trcHardwarePort.o
LOAD ./Tracealyzer/trcHeap.o
LOAD ./Tracealyzer/trcISR.o
LOAD ./Tracealyzer/trcInternalEventBuffer.o
LOAD ./Tracealyzer/trcInterval.o
LOAD ./Tracealyzer/trcKernelPort.o
LOAD ./Tracealyzer/trcMultiCoreEventBuffer.o
LOAD ./Tracealyzer/trcObject.o
LOAD ./Tracealyzer/trcPrint.o
LOAD ./Tracealyzer/trcSnapshotRecorder.o
LOAD ./Tracealyzer/trcStackMonitor.o
LOAD ./Tracealyzer/trcStateMachine.o
LOAD ./Tracealyzer/trcStaticBuffer.o
LOAD ./Tracealyzer/trcStreamingRecorder.o
LOAD ./Tracealyzer/trcString.o
LOAD ./Tracealyzer/trcTask.o
LOAD ./Tracealyzer/trcTimestamp.o
START GROUP
LOAD c:/st/stm32cubeide_1.9.0/stm32cubeide/plugins/com.st.stm32cube.ide.mcu.externaltools.gnu-tools-for-stm32.10.3-2021.10.win32_1.0.0.202111181127/tools/bin/../lib/gcc/arm-none-eabi/10.3.1/../../../../arm-none-eabi/lib/thumb/v7e-m+fp/hard\libc_nano.a
LOAD c:/st/stm32cubeide_1.9.0/stm32cubeide/plugins/com.st.stm32cube.ide.mcu.externaltools.gnu-tools-for-stm32.10.3-2021.10.win32_1.0.0.202111181127/tools/bin/../lib/gcc/arm-none-eabi/10.3.1/../../../../arm-none-eabi/lib/thumb/v7e-m+fp/hard\libm.a
END GROUP
START GROUP
LOAD c:/st/stm32cubeide_1.9.0/stm32cubeide/plugins/com.st.stm32cube.ide.mcu.externaltools.gnu-tools-for-stm32.10.3-2021.10.win32_1.0.0.202111181127/tools/bin/../lib/gcc/arm-none-eabi/10.3.1/thumb/v7e-m+fp/hard\libgcc.a
LOAD c:/st/stm32cubeide_1.9.0/stm32cubeide/plugins/com.st.stm32cube.ide.mcu.externaltools.gnu-tools-for-stm32.10.3-2021.10.win32_1.0.0.202111181127/tools/bin/../lib/gcc/arm-none-eabi/10.3.1/../../../../arm-none-eabi/lib/thumb/v7e-m+fp/hard\libc_nano.a
END GROUP
START GROUP
LOAD c:/st/stm32cubeide_1.9.0/stm32cubeide/plugins/com.st.stm32cube.ide.mcu.externaltools.gnu-tools-for-stm32.10.3-2021.10.win32_1.0.0.202111181127/tools/bin/../lib/gcc/arm-none-eabi/10.3.1/thumb/v7e-m+fp/hard\libgcc.a
LOAD c:/st/stm32cubeide_1.9.0/stm32cubeide/plugins/com.st.stm32cube.ide.mcu.externaltools.gnu-tools-for-stm32.10.3-2021.10.win32_1.0.0.202111181127/tools/bin/../lib/gcc/arm-none-eabi/10.3.1/../../../../arm-none-eabi/lib/thumb/v7e-m+fp/hard\libc_nano.a
LOAD c:/st/stm32cubeide_1.9.0/stm32cubeide/plugins/com.st.stm32cube.ide.mcu.externaltools.gnu-tools-for-stm32.10.3-2021.10.win32_1.0.0.202111181127/tools/bin/../lib/gcc/arm-none-eabi/10.3.1/../../../../arm-none-eabi/lib/thumb/v7e-m+fp/hard\libnosys.a
END GROUP
START GROUP
LOAD c:/st/stm32cubeide_1.9.0/stm32cubeide/plugins/com.st.stm32cube.ide.mcu.externaltools.gnu-tools-for-stm32.10.3-2021.10.win32_1.0.0.202111181127/tools/bin/../lib/gcc/arm-none-eabi/10.3.1/thumb/v7e-m+fp/hard\libgcc.a
LOAD c:/st/stm32cubeide_1.9.0/stm32cubeide/plugins/com.st.stm32cube.ide.mcu.externaltools.gnu-tools-for-stm32.10.3-2021.10.win32_1.0.0.202111181127/tools/bin/../lib/gcc/arm-none-eabi/10.3.1/../../../../arm-none-eabi/lib/thumb/v7e-m+fp/hard\libc_nano.a
LOAD c:/st/stm32cubeide_1.9.0/stm32cubeide/plugins/com.st.stm32cube.ide.mcu.externaltools.gnu-tools-for-stm32.10.3-2021.10.win32_1.0.0.202111181127/tools/bin/../lib/gcc/arm-none-eabi/10.3.1/../../../../arm-none-eabi/lib/thumb/v7e-m+fp/hard\libnosys.a
END GROUP
LOAD c:/st/stm32cubeide_1.9.0/stm32cubeide/plugins/com.st.stm32cube.ide.mcu.externaltools.gnu-tools-for-stm32.10.3-2021.10.win32_1.0.0.202111181127/tools/bin/../lib/gcc/arm-none-eabi/10.3.1/thumb/v7e-m+fp/hard/crtend.o
LOAD c:/st/stm32cubeide_1.9.0/stm32cubeide/plugins/com.st.stm32cube.ide.mcu.externaltools.gnu-tools-for-stm32.10.3-2021.10.win32_1.0.0.202111181127/tools/bin/../lib/gcc/arm-none-eabi/10.3.1/thumb/v7e-m+fp/hard/crtn.o
                0x0000000020020000                _estack = 0x20020000
                0x0000000000000200                _Min_Heap_Size = 0x200
                0x0000000000000400                _Min_Stack_Size = 0x400

.isr_vector     0x0000000008000000      0x188
                0x0000000008000000                . = ALIGN (0x4)
 *(.isr_vector)
 .isr_vector    0x0000000008000000      0x188 ./Drivers/CMSIS/Device/ST/STM32F4xx/Source/Templates/gcc/startup_stm32f407xx.o
                0x0000000008000000                g_pfnVectors
                0x0000000008000188                . = ALIGN (0x4)

.text           0x0000000008000188     0x4420
                0x0000000008000188                . = ALIGN (0x4)
 *(.text)
 .text          0x0000000008000188       0x40 c:/st/stm32cubeide_1.9.0/stm32cubeide/plugins/com.st.stm32cube.ide.mcu.externaltools.gnu-tools-for-stm32.10.3-2021.10.win32_1.0.0.202111181127/tools/bin/../lib/gcc/arm-none-eabi/10.3.1/thumb/v7e-m+fp/hard/crtbegin.o
 *(.text*)
 .text.Reset_Handler
                0x00000000080001c8       0x50 ./Drivers/CMSIS/Device/ST/STM32F4xx/Source/Templates/gcc/startup_stm32f407xx.o
                0x00000000080001c8                Reset_Handler
 .text.Default_Handler
                0x0000000008000218        0x2 ./Drivers/CMSIS/Device/ST/STM32F4xx/Source/Templates/gcc/startup_stm32f407xx.o
                0x0000000008000218                RTC_Alarm_IRQHandler
                0x0000000008000218                HASH_RNG_IRQHandler
                0x0000000008000218                EXTI2_IRQHandler
                0x0000000008000218                TIM8_CC_IRQHandler
                0x0000000008000218                DebugMon_Handler
                0x0000000008000218                TIM1_CC_IRQHandler
                0x0000000008000218                DMA2_Stream5_IRQHandler
                0x0000000008000218                HardFault_Handler
                0x0000000008000218                DMA1_Stream5_IRQHandler
                0x0000000008000218                PVD_IRQHandler
                0x0000000008000218                SDIO_IRQHandler
                0x0000000008000218                TAMP_STAMP_IRQHandler
                0x0000000008000218                NMI_Handler
                0x0000000008000218                CAN2_RX1_IRQHandler
                0x0000000008000218                EXTI3_IRQHandler
                0x0000000008000218                TIM8_TRG_COM_TIM14_IRQHandler
                0x0000000008000218                TIM1_UP_TIM10_IRQHandler
                0x0000000008000218                TIM8_UP_TIM13_IRQHandler
                0x0000000008000218                I2C3_ER_IRQHandler
                0x0000000008000218                EXTI0_IRQHandler
                0x0000000008000218                I2C2_EV_IRQHandler
                0x0000000008000218                DMA1_Stream2_IRQHandler
                0x0000000008000218                CAN1_RX0_IRQHandler
                0x0000000008000218                FPU_IRQHandler
                0x0000000008000218                OTG_HS_WKUP_IRQHandler
                0x0000000008000218                UsageFault_Handler
                0x0000000008000218                CAN2_SCE_IRQHandler
                0x0000000008000218                DMA2_Stream2_IRQHandler
                0x0000000008000218                SPI1_IRQHandler
                0x0000000008000218                TIM6_DAC_IRQHandler
                0x0000000008000218                TIM1_BRK_TIM9_IRQHandler
                0x0000000008000218                DCMI_IRQHandler
                0x0000000008000218                DMA2_Stream3_IRQHandler
                0x0000000008000218                USART6_IRQHandler
                0x0000000008000218                USART3_IRQHandler
                0x0000000008000218                CAN1_RX1_IRQHandler
                0x0000000008000218                UART5_IRQHandler
                0x0000000008000218                DMA2_Stream0_IRQHandler
                0x0000000008000218                TIM4_IRQHandler
                0x0000000008000218                I2C1_EV_IRQHandler
                0x0000000008000218                DMA1_Stream6_IRQHandler
                0x0000000008000218                DMA1_Stream1_IRQHandler
                0x0000000008000218                UART4_IRQHandler
                0x0000000008000218                TIM3_IRQHandler
                0x0000000008000218                RCC_IRQHandler
                0x0000000008000218                TIM8_BRK_TIM12_IRQHandler
                0x0000000008000218                Default_Handler
                0x0000000008000218                EXTI15_10_IRQHandler
                0x0000000008000218                ADC_IRQHandler
                0x0000000008000218                DMA1_Stream7_IRQHandler
                0x0000000008000218                TIM7_IRQHandler
                0x0000000008000218                TIM5_IRQHandler
                0x0000000008000218                DMA2_Stream7_IRQHandler
                0x0000000008000218                I2C3_EV_IRQHandler
                0x0000000008000218                EXTI9_5_IRQHandler
                0x0000000008000218                RTC_WKUP_IRQHandler
                0x0000000008000218                ETH_WKUP_IRQHandler
                0x0000000008000218                SPI2_IRQHandler
                0x0000000008000218                OTG_HS_EP1_IN_IRQHandler
                0x0000000008000218                MemManage_Handler
                0x0000000008000218                DMA1_Stream0_IRQHandler
                0x0000000008000218                CAN1_TX_IRQHandler
                0x0000000008000218                EXTI4_IRQHandler
                0x0000000008000218                FSMC_IRQHandler
                0x0000000008000218                ETH_IRQHandler
                0x0000000008000218                OTG_HS_EP1_OUT_IRQHandler
                0x0000000008000218                WWDG_IRQHandler
                0x0000000008000218                OTG_FS_WKUP_IRQHandler
                0x0000000008000218                TIM1_TRG_COM_TIM11_IRQHandler
                0x0000000008000218                OTG_HS_IRQHandler
                0x0000000008000218                EXTI1_IRQHandler
                0x0000000008000218                USART2_IRQHandler
                0x0000000008000218                I2C2_ER_IRQHandler
                0x0000000008000218                DMA2_Stream1_IRQHandler
                0x0000000008000218                CAN1_SCE_IRQHandler
                0x0000000008000218                FLASH_IRQHandler
                0x0000000008000218                DMA2_Stream4_IRQHandler
                0x0000000008000218                BusFault_Handler
                0x0000000008000218                USART1_IRQHandler
                0x0000000008000218                OTG_FS_IRQHandler
                0x0000000008000218                SPI3_IRQHandler
                0x0000000008000218                DMA1_Stream4_IRQHandler
                0x0000000008000218                I2C1_ER_IRQHandler
                0x0000000008000218                DMA2_Stream6_IRQHandler
                0x0000000008000218                DMA1_Stream3_IRQHandler
 *fill*         0x000000000800021a        0x2 
 .text.SystemInit
                0x000000000800021c       0x4c ./Drivers/CMSIS/Device/ST/STM32F4xx/Source/Templates/system_stm32f4xx.o
                0x000000000800021c                SystemInit
 .text.HAL_Init
                0x0000000008000268       0x34 ./Drivers/STM32F4xx_HAL_Driver/Src/stm32f4xx_hal.o
                0x0000000008000268                HAL_Init
 .text.HAL_IncTick
                0x000000000800029c       0x10 ./Drivers/STM32F4xx_HAL_Driver/Src/stm32f4xx_hal.o
                0x000000000800029c                HAL_IncTick
 .text.HAL_GetTick
                0x00000000080002ac        0xc ./Drivers/STM32F4xx_HAL_Driver/Src/stm32f4xx_hal.o
                0x00000000080002ac                HAL_GetTick
 .text.HAL_CAN_ConfigFilter
                0x00000000080002b8       0xf8 ./Drivers/STM32F4xx_HAL_Driver/Src/stm32f4xx_hal_can.o
                0x00000000080002b8                HAL_CAN_ConfigFilter
 .text.HAL_CAN_Init
                0x00000000080003b0      0x12c ./Drivers/STM32F4xx_HAL_Driver/Src/stm32f4xx_hal_can.o
                0x00000000080003b0                HAL_CAN_Init
 .text.HAL_CAN_Transmit_IT
                0x00000000080004dc      0x102 ./Drivers/STM32F4xx_HAL_Driver/Src/stm32f4xx_hal_can.o
                0x00000000080004dc                HAL_CAN_Transmit_IT
 .text.HAL_CAN_Receive_IT
                0x00000000080005de       0x7e ./Drivers/STM32F4xx_HAL_Driver/Src/stm32f4xx_hal_can.o
                0x00000000080005de                HAL_CAN_Receive_IT
 .text.HAL_CAN_TxCpltCallback
                0x000000000800065c        0x2 ./Drivers/STM32F4xx_HAL_Driver/Src/stm32f4xx_hal_can.o
                0x000000000800065c                HAL_CAN_TxCpltCallback
 .text.CAN_Receive_IT.isra.0
                0x000000000800065e       0xe6 ./Drivers/STM32F4xx_HAL_Driver/Src/stm32f4xx_hal_can.o
 .text.HAL_CAN_ErrorCallback
                0x0000000008000744        0x2 ./Drivers/STM32F4xx_HAL_Driver/Src/stm32f4xx_hal_can.o
                0x0000000008000744                HAL_CAN_ErrorCallback
 *fill*         0x0000000008000746        0x2 
 .text.HAL_CAN_IRQHandler
                0x0000000008000748      0x184 ./Drivers/STM32F4xx_HAL_Driver/Src/stm32f4xx_hal_can.o
                0x0000000008000748                HAL_CAN_IRQHandler
 .text.HAL_NVIC_SetPriorityGrouping
                0x00000000080008cc       0x24 ./Drivers/STM32F4xx_HAL_Driver/Src/stm32f4xx_hal_cortex.o
                0x00000000080008cc                HAL_NVIC_SetPriorityGrouping
 .text.HAL_NVIC_SetPriority
                0x00000000080008f0       0x64 ./Drivers/STM32F4xx_HAL_Driver/Src/stm32f4xx_hal_cortex.o
                0x00000000080008f0                HAL_NVIC_SetPriority
 .text.HAL_NVIC_EnableIRQ
                0x0000000008000954       0x18 ./Drivers/STM32F4xx_HAL_Driver/Src/stm32f4xx_hal_cortex.o
                0x0000000008000954                HAL_NVIC_EnableIRQ
 .text.HAL_SYSTICK_Config
                0x000000000800096c       0x28 ./Drivers/STM32F4xx_HAL_Driver/Src/stm32f4xx_hal_cortex.o
                0x000000000800096c                HAL_SYSTICK_Config
 .text.HAL_SYSTICK_CLKSourceConfig
                0x0000000008000994       0x16 ./Drivers/STM32F4xx_HAL_Driver/Src/stm32f4xx_hal_cortex.o
                0x0000000008000994                HAL_SYSTICK_CLKSourceConfig
 *fill*         0x00000000080009aa        0x2 
 .text.HAL_GPIO_Init
                0x00000000080009ac      0x1dc ./Drivers/STM32F4xx_HAL_Driver/Src/stm32f4xx_hal_gpio.o
                0x00000000080009ac                HAL_GPIO_Init
 .text.HAL_GPIO_ReadPin
                0x0000000008000b88        0xc ./Drivers/STM32F4xx_HAL_Driver/Src/stm32f4xx_hal_gpio.o
                0x0000000008000b88                HAL_GPIO_ReadPin
 .text.HAL_GPIO_WritePin
                0x0000000008000b94        0xa ./Drivers/STM32F4xx_HAL_Driver/Src/stm32f4xx_hal_gpio.o
                0x0000000008000b94                HAL_GPIO_WritePin
 .text.HAL_GPIO_TogglePin
                0x0000000008000b9e        0x8 ./Drivers/STM32F4xx_HAL_Driver/Src/stm32f4xx_hal_gpio.o
                0x0000000008000b9e                HAL_GPIO_TogglePin
 *fill*         0x0000000008000ba6        0x2 
 .text.HAL_RCC_OscConfig
                0x0000000008000ba8      0x2c8 ./Drivers/STM32F4xx_HAL_Driver/Src/stm32f4xx_hal_rcc.o
                0x0000000008000ba8                HAL_RCC_OscConfig
 .text.HAL_RCC_GetSysClockFreq
                0x0000000008000e70       0x74 ./Drivers/STM32F4xx_HAL_Driver/Src/stm32f4xx_hal_rcc.o
                0x0000000008000e70                HAL_RCC_GetSysClockFreq
 .text.HAL_RCC_ClockConfig
                0x0000000008000ee4      0x168 ./Drivers/STM32F4xx_HAL_Driver/Src/stm32f4xx_hal_rcc.o
                0x0000000008000ee4                HAL_RCC_ClockConfig
 .text.HAL_RCC_GetHCLKFreq
                0x000000000800104c        0xc ./Drivers/STM32F4xx_HAL_Driver/Src/stm32f4xx_hal_rcc.o
                0x000000000800104c                HAL_RCC_GetHCLKFreq
 .text.HAL_RCC_GetPCLK1Freq
                0x0000000008001058       0x30 ./Drivers/STM32F4xx_HAL_Driver/Src/stm32f4xx_hal_rcc.o
                0x0000000008001058                HAL_RCC_GetPCLK1Freq
 .text.HAL_RCC_GetClockConfig
                0x0000000008001088       0x3c ./Drivers/STM32F4xx_HAL_Driver/Src/stm32f4xx_hal_rcc.o
                0x0000000008001088                HAL_RCC_GetClockConfig
 .text.HAL_TIM_Base_MspInit
                0x00000000080010c4        0x2 ./Drivers/STM32F4xx_HAL_Driver/Src/stm32f4xx_hal_tim.o
                0x00000000080010c4                HAL_TIM_Base_MspInit
 .text.HAL_TIM_Base_Start_IT
                0x00000000080010c6       0x16 ./Drivers/STM32F4xx_HAL_Driver/Src/stm32f4xx_hal_tim.o
                0x00000000080010c6                HAL_TIM_Base_Start_IT
 .text.HAL_TIM_OC_DelayElapsedCallback
                0x00000000080010dc        0x2 ./Drivers/STM32F4xx_HAL_Driver/Src/stm32f4xx_hal_tim.o
                0x00000000080010dc                HAL_TIM_OC_DelayElapsedCallback
 .text.HAL_TIM_IC_CaptureCallback
                0x00000000080010de        0x2 ./Drivers/STM32F4xx_HAL_Driver/Src/stm32f4xx_hal_tim.o
                0x00000000080010de                HAL_TIM_IC_CaptureCallback
 .text.HAL_TIM_PWM_PulseFinishedCallback
                0x00000000080010e0        0x2 ./Drivers/STM32F4xx_HAL_Driver/Src/stm32f4xx_hal_tim.o
                0x00000000080010e0                HAL_TIM_PWM_PulseFinishedCallback
 .text.HAL_TIM_TriggerCallback
                0x00000000080010e2        0x2 ./Drivers/STM32F4xx_HAL_Driver/Src/stm32f4xx_hal_tim.o
                0x00000000080010e2                HAL_TIM_TriggerCallback
 .text.HAL_TIM_IRQHandler
                0x00000000080010e4      0x144 ./Drivers/STM32F4xx_HAL_Driver/Src/stm32f4xx_hal_tim.o
                0x00000000080010e4                HAL_TIM_IRQHandler
 .text.TIM_Base_SetConfig
                0x0000000008001228       0xc4 ./Drivers/STM32F4xx_HAL_Driver/Src/stm32f4xx_hal_tim.o
                0x0000000008001228                TIM_Base_SetConfig
 .text.HAL_TIM_Base_Init
                0x00000000080012ec       0x34 ./Drivers/STM32F4xx_HAL_Driver/Src/stm32f4xx_hal_tim.o
                0x00000000080012ec                HAL_TIM_Base_Init
 .text.HAL_TIMEx_CommutationCallback
                0x0000000008001320        0x2 ./Drivers/STM32F4xx_HAL_Driver/Src/stm32f4xx_hal_tim_ex.o
                0x0000000008001320                HAL_TIMEx_CommutationCallback
 .text.HAL_TIMEx_BreakCallback
                0x0000000008001322        0x2 ./Drivers/STM32F4xx_HAL_Driver/Src/stm32f4xx_hal_tim_ex.o
                0x0000000008001322                HAL_TIMEx_BreakCallback
 .text.osKernelStart
                0x0000000008001324        0xa ./Middlewares/Third_Party/FreeRTOS/Source/CMSIS_RTOS/cmsis_os.o
                0x0000000008001324                osKernelStart
 .text.osKernelSysTick
                0x000000000800132e        0xe ./Middlewares/Third_Party/FreeRTOS/Source/CMSIS_RTOS/cmsis_os.o
                0x000000000800132e                osKernelSysTick
 .text.osThreadCreate
                0x000000000800133c       0x36 ./Middlewares/Third_Party/FreeRTOS/Source/CMSIS_RTOS/cmsis_os.o
                0x000000000800133c                osThreadCreate
 .text.osMutexCreate
                0x0000000008001372        0x6 ./Middlewares/Third_Party/FreeRTOS/Source/CMSIS_RTOS/cmsis_os.o
                0x0000000008001372                osMutexCreate
 .text.osMutexWait
                0x0000000008001378       0x4e ./Middlewares/Third_Party/FreeRTOS/Source/CMSIS_RTOS/cmsis_os.o
                0x0000000008001378                osMutexWait
 .text.osMutexRelease
                0x00000000080013c6       0x46 ./Middlewares/Third_Party/FreeRTOS/Source/CMSIS_RTOS/cmsis_os.o
                0x00000000080013c6                osMutexRelease
 .text.osSystickHandler
                0x000000000800140c       0x14 ./Middlewares/Third_Party/FreeRTOS/Source/CMSIS_RTOS/cmsis_os.o
                0x000000000800140c                osSystickHandler
 .text.osDelayUntil
                0x0000000008001420       0x10 ./Middlewares/Third_Party/FreeRTOS/Source/CMSIS_RTOS/cmsis_os.o
                0x0000000008001420                osDelayUntil
 .text.vListInitialise
                0x0000000008001430       0x16 ./Middlewares/Third_Party/FreeRTOS/Source/list.o
                0x0000000008001430                vListInitialise
 .text.vListInitialiseItem
                0x0000000008001446        0x6 ./Middlewares/Third_Party/FreeRTOS/Source/list.o
                0x0000000008001446                vListInitialiseItem
 .text.vListInsertEnd
                0x000000000800144c       0x18 ./Middlewares/Third_Party/FreeRTOS/Source/list.o
                0x000000000800144c                vListInsertEnd
 .text.vListInsert
                0x0000000008001464       0x2e ./Middlewares/Third_Party/FreeRTOS/Source/list.o
                0x0000000008001464                vListInsert
 .text.uxListRemove
                0x0000000008001492       0x1e ./Middlewares/Third_Party/FreeRTOS/Source/list.o
                0x0000000008001492                uxListRemove
 .text.prvCopyDataToQueue
                0x00000000080014b0       0x70 ./Middlewares/Third_Party/FreeRTOS/Source/queue.o
 .text.prvCopyDataFromQueue
                0x0000000008001520       0x2c ./Middlewares/Third_Party/FreeRTOS/Source/queue.o
 .text.prvUnlockQueue
                0x000000000800154c       0x6c ./Middlewares/Third_Party/FreeRTOS/Source/queue.o
 .text.xQueueGenericSend
                0x00000000080015b8      0x2a8 ./Middlewares/Third_Party/FreeRTOS/Source/queue.o
                0x00000000080015b8                xQueueGenericSend
 .text.xQueueCreateMutex
                0x0000000008001860      0x108 ./Middlewares/Third_Party/FreeRTOS/Source/queue.o
                0x0000000008001860                xQueueCreateMutex
 .text.MyWrapper_xQueueGiveFromISR
                0x0000000008001968      0x154 ./Middlewares/Third_Party/FreeRTOS/Source/queue.o
                0x0000000008001968                MyWrapper_xQueueGiveFromISR
 .text.xQueueGiveFromISR
                0x0000000008001abc        0x6 ./Middlewares/Third_Party/FreeRTOS/Source/queue.o
                0x0000000008001abc                xQueueGiveFromISR
 *fill*         0x0000000008001ac2        0x2 
 .text.xQueueGenericReceive
                0x0000000008001ac4      0x38c ./Middlewares/Third_Party/FreeRTOS/Source/queue.o
                0x0000000008001ac4                xQueueGenericReceive
 .text.xQueueReceiveFromISR
                0x0000000008001e50      0x130 ./Middlewares/Third_Party/FreeRTOS/Source/queue.o
                0x0000000008001e50                xQueueReceiveFromISR
 .text.uxQueueGetQueueNumber
                0x0000000008001f80        0x4 ./Middlewares/Third_Party/FreeRTOS/Source/queue.o
                0x0000000008001f80                uxQueueGetQueueNumber
 .text.vQueueSetQueueNumber
                0x0000000008001f84        0x4 ./Middlewares/Third_Party/FreeRTOS/Source/queue.o
                0x0000000008001f84                vQueueSetQueueNumber
 .text.ucQueueGetQueueType
                0x0000000008001f88        0x6 ./Middlewares/Third_Party/FreeRTOS/Source/queue.o
                0x0000000008001f88                ucQueueGetQueueType
 *fill*         0x0000000008001f8e        0x2 
 .text.prvResetNextTaskUnblockTime
                0x0000000008001f90       0x20 ./Middlewares/Third_Party/FreeRTOS/Source/tasks.o
 .text.prvAddCurrentTaskToDelayedList
                0x0000000008001fb0       0x38 ./Middlewares/Third_Party/FreeRTOS/Source/tasks.o
 .text.xTaskGenericCreate
                0x0000000008001fe8      0x268 ./Middlewares/Third_Party/FreeRTOS/Source/tasks.o
                0x0000000008001fe8                xTaskGenericCreate
 .text.vTaskStartScheduler
                0x0000000008002250       0x68 ./Middlewares/Third_Party/FreeRTOS/Source/tasks.o
                0x0000000008002250                vTaskStartScheduler
 .text.vTaskSuspendAll
                0x00000000080022b8       0x14 ./Middlewares/Third_Party/FreeRTOS/Source/tasks.o
                0x00000000080022b8                vTaskSuspendAll
 .text.xTaskGetTickCount
                0x00000000080022cc        0xc ./Middlewares/Third_Party/FreeRTOS/Source/tasks.o
                0x00000000080022cc                xTaskGetTickCount
 .text.xTaskGetTickCountFromISR
                0x00000000080022d8       0x10 ./Middlewares/Third_Party/FreeRTOS/Source/tasks.o
                0x00000000080022d8                xTaskGetTickCountFromISR
 .text.xTaskIncrementTick
                0x00000000080022e8      0x13c ./Middlewares/Third_Party/FreeRTOS/Source/tasks.o
                0x00000000080022e8                xTaskIncrementTick
 .text.xTaskResumeAll
                0x0000000008002424       0xf8 ./Middlewares/Third_Party/FreeRTOS/Source/tasks.o
                0x0000000008002424                xTaskResumeAll
 .text.vTaskDelayUntil
                0x000000000800251c       0xec ./Middlewares/Third_Party/FreeRTOS/Source/tasks.o
                0x000000000800251c                vTaskDelayUntil
 .text.vTaskDelay
                0x0000000008002608       0xb4 ./Middlewares/Third_Party/FreeRTOS/Source/tasks.o
                0x0000000008002608                vTaskDelay
 .text.prvIdleTask
                0x00000000080026bc       0x6c ./Middlewares/Third_Party/FreeRTOS/Source/tasks.o
 .text.vTaskSwitchContext
                0x0000000008002728       0x94 ./Middlewares/Third_Party/FreeRTOS/Source/tasks.o
                0x0000000008002728                vTaskSwitchContext
 .text.vTaskPlaceOnEventList
                0x00000000080027bc       0x64 ./Middlewares/Third_Party/FreeRTOS/Source/tasks.o
                0x00000000080027bc                vTaskPlaceOnEventList
 .text.xTaskRemoveFromEventList
                0x0000000008002820       0x98 ./Middlewares/Third_Party/FreeRTOS/Source/tasks.o
                0x0000000008002820                xTaskRemoveFromEventList
 .text.vTaskSetTimeOutState
                0x00000000080028b8       0x28 ./Middlewares/Third_Party/FreeRTOS/Source/tasks.o
                0x00000000080028b8                vTaskSetTimeOutState
 .text.xTaskCheckForTimeOut
                0x00000000080028e0       0x70 ./Middlewares/Third_Party/FreeRTOS/Source/tasks.o
                0x00000000080028e0                xTaskCheckForTimeOut
 .text.vTaskMissedYield
                0x0000000008002950       0x10 ./Middlewares/Third_Party/FreeRTOS/Source/tasks.o
                0x0000000008002950                vTaskMissedYield
 .text.uxTaskGetTaskNumber
                0x0000000008002960        0x6 ./Middlewares/Third_Party/FreeRTOS/Source/tasks.o
                0x0000000008002960                uxTaskGetTaskNumber
 .text.vTaskSetTaskNumber
                0x0000000008002966        0x6 ./Middlewares/Third_Party/FreeRTOS/Source/tasks.o
                0x0000000008002966                vTaskSetTaskNumber
 .text.uxTaskGetStackHighWaterMark
                0x000000000800296c       0x20 ./Middlewares/Third_Party/FreeRTOS/Source/tasks.o
                0x000000000800296c                uxTaskGetStackHighWaterMark
 .text.xTaskGetCurrentTaskHandle
                0x000000000800298c        0xc ./Middlewares/Third_Party/FreeRTOS/Source/tasks.o
                0x000000000800298c                xTaskGetCurrentTaskHandle
 .text.xTaskGetSchedulerState
                0x0000000008002998       0x20 ./Middlewares/Third_Party/FreeRTOS/Source/tasks.o
                0x0000000008002998                xTaskGetSchedulerState
 .text.vTaskPriorityInherit
                0x00000000080029b8       0xfc ./Middlewares/Third_Party/FreeRTOS/Source/tasks.o
                0x00000000080029b8                vTaskPriorityInherit
 .text.xTaskPriorityDisinherit
                0x0000000008002ab4      0x110 ./Middlewares/Third_Party/FreeRTOS/Source/tasks.o
                0x0000000008002ab4                xTaskPriorityDisinherit
 .text.pvTaskIncrementMutexHeldCount
                0x0000000008002bc4       0x18 ./Middlewares/Third_Party/FreeRTOS/Source/tasks.o
                0x0000000008002bc4                pvTaskIncrementMutexHeldCount
 .text.prvTaskExitError
                0x0000000008002bdc       0x30 ./Middlewares/Third_Party/FreeRTOS/Source/portable/GCC/ARM_CM4F/port.o
 .text.prvPortStartFirstTask
                0x0000000008002c0c       0x20 ./Middlewares/Third_Party/FreeRTOS/Source/portable/GCC/ARM_CM4F/port.o
 .text.vPortEnableVFP
                0x0000000008002c2c       0x14 ./Middlewares/Third_Party/FreeRTOS/Source/portable/GCC/ARM_CM4F/port.o
 .text.pxPortInitialiseStack
                0x0000000008002c40       0x24 ./Middlewares/Third_Party/FreeRTOS/Source/portable/GCC/ARM_CM4F/port.o
                0x0000000008002c40                pxPortInitialiseStack
 .text.SVC_Handler
                0x0000000008002c64       0x20 ./Middlewares/Third_Party/FreeRTOS/Source/portable/GCC/ARM_CM4F/port.o
                0x0000000008002c64                SVC_Handler
 .text.vPortEnterCritical
                0x0000000008002c84       0x40 ./Middlewares/Third_Party/FreeRTOS/Source/portable/GCC/ARM_CM4F/port.o
                0x0000000008002c84                vPortEnterCritical
 .text.vPortExitCritical
                0x0000000008002cc4       0x28 ./Middlewares/Third_Party/FreeRTOS/Source/portable/GCC/ARM_CM4F/port.o
                0x0000000008002cc4                vPortExitCritical
 .text.PendSV_Handler
                0x0000000008002cec       0x60 ./Middlewares/Third_Party/FreeRTOS/Source/portable/GCC/ARM_CM4F/port.o
                0x0000000008002cec                PendSV_Handler
 .text.xPortSysTickHandler
                0x0000000008002d4c       0x30 ./Middlewares/Third_Party/FreeRTOS/Source/portable/GCC/ARM_CM4F/port.o
                0x0000000008002d4c                xPortSysTickHandler
 .text.vPortSetupTimerInterrupt
                0x0000000008002d7c       0x20 ./Middlewares/Third_Party/FreeRTOS/Source/portable/GCC/ARM_CM4F/port.o
                0x0000000008002d7c                vPortSetupTimerInterrupt
 .text.xPortStartScheduler
                0x0000000008002d9c       0xec ./Middlewares/Third_Party/FreeRTOS/Source/portable/GCC/ARM_CM4F/port.o
                0x0000000008002d9c                xPortStartScheduler
 .text.vPortValidateInterruptPriority
                0x0000000008002e88       0x54 ./Middlewares/Third_Party/FreeRTOS/Source/portable/GCC/ARM_CM4F/port.o
                0x0000000008002e88                vPortValidateInterruptPriority
 .text.prvInsertBlockIntoFreeList
                0x0000000008002edc       0x44 ./Middlewares/Third_Party/FreeRTOS/Source/portable/MemMang/heap_4.o
 .text.pvPortMalloc
                0x0000000008002f20      0x118 ./Middlewares/Third_Party/FreeRTOS/Source/portable/MemMang/heap_4.o
                0x0000000008002f20                pvPortMalloc
 .text.vPortFree
                0x0000000008003038       0x74 ./Middlewares/Third_Party/FreeRTOS/Source/portable/MemMang/heap_4.o
                0x0000000008003038                vPortFree
 .text.updateLights
                0x00000000080030ac      0x104 ./Src/Lights.o
                0x00000000080030ac                updateLights
 .text.updateLightsTask
                0x00000000080031b0       0x14 ./Src/Lights.o
                0x00000000080031b0                updateLightsTask
 .text.blinkSignalLights
                0x00000000080031c4       0x90 ./Src/Lights.o
                0x00000000080031c4                blinkSignalLights
 .text.blinkSignalLightsTask
                0x0000000008003254       0x1e ./Src/Lights.o
                0x0000000008003254                blinkSignalLightsTask
 *fill*         0x0000000008003272        0x2 
 .text.reportLightsToCan
                0x0000000008003274       0xb4 ./Src/Lights.o
                0x0000000008003274                reportLightsToCan
 .text.reportLightsToCanTask
                0x0000000008003328       0x14 ./Src/Lights.o
                0x0000000008003328                reportLightsToCanTask
 .text.sendHeartbeat
                0x000000000800333c       0x48 ./Src/Lights.o
                0x000000000800333c                sendHeartbeat
 .text.sendHeartbeatTask
                0x0000000008003384       0x14 ./Src/Lights.o
                0x0000000008003384                sendHeartbeatTask
 .text.HAL_CAN_RxCpltCallback
                0x0000000008003398       0xb0 ./Src/Lights.o
                0x0000000008003398                HAL_CAN_RxCpltCallback
 .text.SystemClock_Config
                0x0000000008003448       0xac ./Src/main.o
                0x0000000008003448                SystemClock_Config
 .text.startup.main
                0x00000000080034f4      0x244 ./Src/main.o
                0x00000000080034f4                main
 .text.HAL_MspInit
                0x0000000008003738       0x60 ./Src/stm32f4xx_hal_msp.o
                0x0000000008003738                HAL_MspInit
 .text.HAL_CAN_MspInit
                0x0000000008003798       0x84 ./Src/stm32f4xx_hal_msp.o
                0x0000000008003798                HAL_CAN_MspInit
 .text.HAL_InitTick
                0x000000000800381c       0x78 ./Src/stm32f4xx_hal_timebase_TIM.o
                0x000000000800381c                HAL_InitTick
 .text.HAL_TIM_PeriodElapsedCallback
                0x0000000008003894        0x4 ./Src/stm32f4xx_hal_timebase_TIM.o
                0x0000000008003894                HAL_TIM_PeriodElapsedCallback
 .text.SysTick_Handler
                0x0000000008003898        0x4 ./Src/stm32f4xx_it.o
                0x0000000008003898                SysTick_Handler
 .text.TIM2_IRQHandler
                0x000000000800389c        0xc ./Src/stm32f4xx_it.o
                0x000000000800389c                TIM2_IRQHandler
 .text.CAN2_TX_IRQHandler
                0x00000000080038a8        0xc ./Src/stm32f4xx_it.o
                0x00000000080038a8                CAN2_TX_IRQHandler
 .text.CAN2_RX0_IRQHandler
                0x00000000080038b4        0x4 ./Src/stm32f4xx_it.o
                0x00000000080038b4                CAN2_RX0_IRQHandler
 .text.TzCtrl   0x00000000080038b8       0x14 ./Tracealyzer/trcKernelPort.o
 .text.xTraceKernelPortGetUnusedStack
                0x00000000080038cc        0xe ./Tracealyzer/trcKernelPort.o
                0x00000000080038cc                xTraceKernelPortGetUnusedStack
 .text.prvTraceGetQueueType
                0x00000000080038da        0x4 ./Tracealyzer/trcKernelPort.o
                0x00000000080038da                prvTraceGetQueueType
 .text.prvTraceGetTaskNumberLow16
                0x00000000080038de        0xa ./Tracealyzer/trcKernelPort.o
                0x00000000080038de                prvTraceGetTaskNumberLow16
 .text.prvTraceGetTaskNumberHigh16
                0x00000000080038e8        0xa ./Tracealyzer/trcKernelPort.o
                0x00000000080038e8                prvTraceGetTaskNumberHigh16
 .text.prvTraceSetTaskNumberLow16
                0x00000000080038f2       0x1a ./Tracealyzer/trcKernelPort.o
                0x00000000080038f2                prvTraceSetTaskNumberLow16
 .text.prvTraceSetTaskNumberHigh16
                0x000000000800390c       0x1a ./Tracealyzer/trcKernelPort.o
                0x000000000800390c                prvTraceSetTaskNumberHigh16
 .text.prvTraceGetQueueNumberLow16
                0x0000000008003926        0xa ./Tracealyzer/trcKernelPort.o
                0x0000000008003926                prvTraceGetQueueNumberLow16
 .text.prvTraceGetQueueNumberHigh16
                0x0000000008003930        0xa ./Tracealyzer/trcKernelPort.o
                0x0000000008003930                prvTraceGetQueueNumberHigh16
 .text.prvTraceSetQueueNumberLow16
                0x000000000800393a       0x1a ./Tracealyzer/trcKernelPort.o
                0x000000000800393a                prvTraceSetQueueNumberLow16
 .text.prvTraceSetQueueNumberHigh16
                0x0000000008003954       0x1a ./Tracealyzer/trcKernelPort.o
                0x0000000008003954                prvTraceSetQueueNumberHigh16
 .text.prvTraceGetCurrentTaskHandle
                0x000000000800396e        0x4 ./Tracealyzer/trcKernelPort.o
                0x000000000800396e                prvTraceGetCurrentTaskHandle
 .text.xTraceKernelPortInitialize
                0x0000000008003972        0x4 ./Tracealyzer/trcKernelPort.o
                0x0000000008003972                xTraceKernelPortInitialize
 *fill*         0x0000000008003976        0x2 
 .text.xTraceKernelPortEnable
                0x0000000008003978       0x34 ./Tracealyzer/trcKernelPort.o
                0x0000000008003978                xTraceKernelPortEnable
 .text.xTraceKernelPortInitObjectPropertyTable
                0x00000000080039ac       0x7c ./Tracealyzer/trcKernelPort.o
                0x00000000080039ac                xTraceKernelPortInitObjectPropertyTable
 .text.xTraceKernelPortInitObjectHandleStack
                0x0000000008003a28       0x80 ./Tracealyzer/trcKernelPort.o
                0x0000000008003a28                xTraceKernelPortInitObjectHandleStack
 .text.pszTraceGetErrorNotEnoughHandles
                0x0000000008003aa8       0x18 ./Tracealyzer/trcKernelPort.o
                0x0000000008003aa8                pszTraceGetErrorNotEnoughHandles
 .text.prvTraceStop
                0x0000000008003ac0       0x18 ./Tracealyzer/trcSnapshotRecorder.o
 .text.prvStrncpy
                0x0000000008003ad8       0x18 ./Tracealyzer/trcSnapshotRecorder.o
 .text.prvCheckDataToBeOverwrittenForMultiEntryEvents
                0x0000000008003af0       0x84 ./Tracealyzer/trcSnapshotRecorder.o
 .text.prvTraceUpdateCounters
                0x0000000008003b74       0x30 ./Tracealyzer/trcSnapshotRecorder.o
 .text.xTraceIsRecorderEnabled
                0x0000000008003ba4       0x18 ./Tracealyzer/trcSnapshotRecorder.o
                0x0000000008003ba4                xTraceIsRecorderEnabled
 .text.prvTraceError
                0x0000000008003bbc       0x34 ./Tracealyzer/trcSnapshotRecorder.o
                0x0000000008003bbc                prvTraceError
 .text.prvTraceNextFreeEventBufferSlot
                0x0000000008003bf0       0x30 ./Tracealyzer/trcSnapshotRecorder.o
 .text.prvTraceGetParam
                0x0000000008003c20       0x2a ./Tracealyzer/trcSnapshotRecorder.o
 *fill*         0x0000000008003c4a        0x2 
 .text.uiIndexOfObject
                0x0000000008003c4c       0x40 ./Tracealyzer/trcSnapshotRecorder.o
                0x0000000008003c4c                uiIndexOfObject
 .text.prvTraceSetPriorityProperty
                0x0000000008003c8c       0x28 ./Tracealyzer/trcSnapshotRecorder.o
                0x0000000008003c8c                prvTraceSetPriorityProperty
 .text.prvTraceGetPriorityProperty
                0x0000000008003cb4       0x28 ./Tracealyzer/trcSnapshotRecorder.o
                0x0000000008003cb4                prvTraceGetPriorityProperty
 .text.prvTraceSetObjectState
                0x0000000008003cdc       0x28 ./Tracealyzer/trcSnapshotRecorder.o
                0x0000000008003cdc                prvTraceSetObjectState
 .text.prvTraceSetTaskInstanceFinished
                0x0000000008003d04       0x24 ./Tracealyzer/trcSnapshotRecorder.o
                0x0000000008003d04                prvTraceSetTaskInstanceFinished
 .text.prvMarkObjectAsUsed
                0x0000000008003d28       0x20 ./Tracealyzer/trcSnapshotRecorder.o
                0x0000000008003d28                prvMarkObjectAsUsed
 .text.prvTraceGetObjectHandle
                0x0000000008003d48       0x84 ./Tracealyzer/trcSnapshotRecorder.o
                0x0000000008003d48                prvTraceGetObjectHandle
 .text.prvTraceSetObjectName
                0x0000000008003dcc       0x6c ./Tracealyzer/trcSnapshotRecorder.o
                0x0000000008003dcc                prvTraceSetObjectName
 .text.xTraceHardwarePortInitCortexM
                0x0000000008003e38       0x4c ./Tracealyzer/trcSnapshotRecorder.o
                0x0000000008003e38                xTraceHardwarePortInitCortexM
 .text.xTraceInitialize
                0x0000000008003e84      0x138 ./Tracealyzer/trcSnapshotRecorder.o
                0x0000000008003e84                xTraceInitialize
 .text.prvTracePortGetTimeStamp
                0x0000000008003fbc       0x4c ./Tracealyzer/trcSnapshotRecorder.o
                0x0000000008003fbc                prvTracePortGetTimeStamp
 .text.prvTraceGetDTS
                0x0000000008004008       0xc4 ./Tracealyzer/trcSnapshotRecorder.o
 .text.prvTraceStoreTaskReady
                0x00000000080040cc       0x68 ./Tracealyzer/trcSnapshotRecorder.o
                0x00000000080040cc                prvTraceStoreTaskReady
 .text.vTraceStoreMemMangEvent
                0x0000000008004134       0xb0 ./Tracealyzer/trcSnapshotRecorder.o
                0x0000000008004134                vTraceStoreMemMangEvent
 .text.prvTraceStoreKernelCall
                0x00000000080041e4       0x64 ./Tracealyzer/trcSnapshotRecorder.o
                0x00000000080041e4                prvTraceStoreKernelCall
 .text.prvTraceStoreKernelCallWithParam
                0x0000000008004248       0x78 ./Tracealyzer/trcSnapshotRecorder.o
                0x0000000008004248                prvTraceStoreKernelCallWithParam
 .text.prvTraceStoreKernelCallWithNumericParamOnly
                0x00000000080042c0       0x74 ./Tracealyzer/trcSnapshotRecorder.o
                0x00000000080042c0                prvTraceStoreKernelCallWithNumericParamOnly
 .text.prvTraceStoreTaskswitch
                0x0000000008004334       0x88 ./Tracealyzer/trcSnapshotRecorder.o
                0x0000000008004334                prvTraceStoreTaskswitch
 .text.xTraceEnable
                0x00000000080043bc       0xb0 ./Tracealyzer/trcSnapshotRecorder.o
                0x00000000080043bc                xTraceEnable
 .text.prvAddTaskToStackMonitor
                0x000000000800446c       0x38 ./Tracealyzer/trcSnapshotRecorder.o
                0x000000000800446c                prvAddTaskToStackMonitor
 .text.prvReportStackUsage
                0x00000000080044a4       0x78 ./Tracealyzer/trcSnapshotRecorder.o
                0x00000000080044a4                prvReportStackUsage
 .text.__libc_init_array
                0x000000000800451c       0x48 c:/st/stm32cubeide_1.9.0/stm32cubeide/plugins/com.st.stm32cube.ide.mcu.externaltools.gnu-tools-for-stm32.10.3-2021.10.win32_1.0.0.202111181127/tools/bin/../lib/gcc/arm-none-eabi/10.3.1/../../../../arm-none-eabi/lib/thumb/v7e-m+fp/hard\libc_nano.a(lib_a-init.o)
                0x000000000800451c                __libc_init_array
 .text.memcpy   0x0000000008004564       0x1c c:/st/stm32cubeide_1.9.0/stm32cubeide/plugins/com.st.stm32cube.ide.mcu.externaltools.gnu-tools-for-stm32.10.3-2021.10.win32_1.0.0.202111181127/tools/bin/../lib/gcc/arm-none-eabi/10.3.1/../../../../arm-none-eabi/lib/thumb/v7e-m+fp/hard\libc_nano.a(lib_a-memcpy-stub.o)
                0x0000000008004564                memcpy
 .text.memset   0x0000000008004580       0x10 c:/st/stm32cubeide_1.9.0/stm32cubeide/plugins/com.st.stm32cube.ide.mcu.externaltools.gnu-tools-for-stm32.10.3-2021.10.win32_1.0.0.202111181127/tools/bin/../lib/gcc/arm-none-eabi/10.3.1/../../../../arm-none-eabi/lib/thumb/v7e-m+fp/hard\libc_nano.a(lib_a-memset.o)
                0x0000000008004580                memset
 *(.glue_7)
 .glue_7        0x0000000008004590        0x0 linker stubs
 *(.glue_7t)
 .glue_7t       0x0000000008004590        0x0 linker stubs
 *(.eh_frame)
 .eh_frame      0x0000000008004590        0x0 c:/st/stm32cubeide_1.9.0/stm32cubeide/plugins/com.st.stm32cube.ide.mcu.externaltools.gnu-tools-for-stm32.10.3-2021.10.win32_1.0.0.202111181127/tools/bin/../lib/gcc/arm-none-eabi/10.3.1/thumb/v7e-m+fp/hard/crtbegin.o
 *(.init)
 .init          0x0000000008004590        0x4 c:/st/stm32cubeide_1.9.0/stm32cubeide/plugins/com.st.stm32cube.ide.mcu.externaltools.gnu-tools-for-stm32.10.3-2021.10.win32_1.0.0.202111181127/tools/bin/../lib/gcc/arm-none-eabi/10.3.1/thumb/v7e-m+fp/hard/crti.o
                0x0000000008004590                _init
 .init          0x0000000008004594        0x8 c:/st/stm32cubeide_1.9.0/stm32cubeide/plugins/com.st.stm32cube.ide.mcu.externaltools.gnu-tools-for-stm32.10.3-2021.10.win32_1.0.0.202111181127/tools/bin/../lib/gcc/arm-none-eabi/10.3.1/thumb/v7e-m+fp/hard/crtn.o
 *(.fini)
 .fini          0x000000000800459c        0x4 c:/st/stm32cubeide_1.9.0/stm32cubeide/plugins/com.st.stm32cube.ide.mcu.externaltools.gnu-tools-for-stm32.10.3-2021.10.win32_1.0.0.202111181127/tools/bin/../lib/gcc/arm-none-eabi/10.3.1/thumb/v7e-m+fp/hard/crti.o
                0x000000000800459c                _fini
 .fini          0x00000000080045a0        0x8 c:/st/stm32cubeide_1.9.0/stm32cubeide/plugins/com.st.stm32cube.ide.mcu.externaltools.gnu-tools-for-stm32.10.3-2021.10.win32_1.0.0.202111181127/tools/bin/../lib/gcc/arm-none-eabi/10.3.1/thumb/v7e-m+fp/hard/crtn.o
                0x00000000080045a8                . = ALIGN (0x4)
                0x00000000080045a8                _etext = .

.vfp11_veneer   0x00000000080045a8        0x0
 .vfp11_veneer  0x00000000080045a8        0x0 linker stubs

.v4_bx          0x00000000080045a8        0x0
 .v4_bx         0x00000000080045a8        0x0 linker stubs

.iplt           0x00000000080045a8        0x0
 .iplt          0x00000000080045a8        0x0 c:/st/stm32cubeide_1.9.0/stm32cubeide/plugins/com.st.stm32cube.ide.mcu.externaltools.gnu-tools-for-stm32.10.3-2021.10.win32_1.0.0.202111181127/tools/bin/../lib/gcc/arm-none-eabi/10.3.1/thumb/v7e-m+fp/hard/crtbegin.o

.rodata         0x00000000080045a8      0x810
                0x00000000080045a8                . = ALIGN (0x4)
 *(.rodata)
 .rodata        0x00000000080045a8       0x10 ./Drivers/STM32F4xx_HAL_Driver/Src/stm32f4xx_hal_rcc.o
                0x00000000080045a8                APBAHBPrescTable
 .rodata        0x00000000080045b8       0x50 ./Src/main.o
 .rodata        0x0000000008004608       0x24 ./Tracealyzer/trcKernelPort.o
 *(.rodata*)
 .rodata.str1.1
                0x000000000800462c        0x5 ./Middlewares/Third_Party/FreeRTOS/Source/tasks.o
 .rodata.str1.1
                0x0000000008004631       0x37 ./Src/main.o
 .rodata.str1.1
                0x0000000008004668      0x2f9 ./Tracealyzer/trcKernelPort.o
 .rodata.str1.1
                0x0000000008004961      0x456 ./Tracealyzer/trcSnapshotRecorder.o
                                        0x457 (size before relaxing)
                0x0000000008004db8                . = ALIGN (0x4)
 *fill*         0x0000000008004db7        0x1 

.rel.dyn        0x0000000008004db8        0x0
 .rel.iplt      0x0000000008004db8        0x0 c:/st/stm32cubeide_1.9.0/stm32cubeide/plugins/com.st.stm32cube.ide.mcu.externaltools.gnu-tools-for-stm32.10.3-2021.10.win32_1.0.0.202111181127/tools/bin/../lib/gcc/arm-none-eabi/10.3.1/thumb/v7e-m+fp/hard/crtbegin.o

.ARM.extab
 *(.ARM.extab* .gnu.linkonce.armextab.*)

.ARM            0x0000000008004db8        0x0
                0x0000000008004db8                __exidx_start = .
 *(.ARM.exidx*)
                0x0000000008004db8                __exidx_end = .

.preinit_array  0x0000000008004db8        0x0
                0x0000000008004db8                PROVIDE (__preinit_array_start = .)
 *(.preinit_array*)
                0x0000000008004db8                PROVIDE (__preinit_array_end = .)

.init_array     0x0000000008004db8        0x4
                0x0000000008004db8                PROVIDE (__init_array_start = .)
 *(SORT_BY_NAME(.init_array.*))
 *(.init_array*)
 .init_array    0x0000000008004db8        0x4 c:/st/stm32cubeide_1.9.0/stm32cubeide/plugins/com.st.stm32cube.ide.mcu.externaltools.gnu-tools-for-stm32.10.3-2021.10.win32_1.0.0.202111181127/tools/bin/../lib/gcc/arm-none-eabi/10.3.1/thumb/v7e-m+fp/hard/crtbegin.o
                0x0000000008004dbc                PROVIDE (__init_array_end = .)

.fini_array     0x0000000008004dbc        0x4
                [!provide]                        PROVIDE (__fini_array_start = .)
 *(SORT_BY_NAME(.fini_array.*))
 *(.fini_array*)
 .fini_array    0x0000000008004dbc        0x4 c:/st/stm32cubeide_1.9.0/stm32cubeide/plugins/com.st.stm32cube.ide.mcu.externaltools.gnu-tools-for-stm32.10.3-2021.10.win32_1.0.0.202111181127/tools/bin/../lib/gcc/arm-none-eabi/10.3.1/thumb/v7e-m+fp/hard/crtbegin.o
                [!provide]                        PROVIDE (__fini_array_end = .)
                0x0000000008004dc0                _sidata = LOADADDR (.data)

.data           0x0000000020000000       0x14 load address 0x0000000008004dc0
                0x0000000020000000                . = ALIGN (0x4)
                0x0000000020000000                _sdata = .
 *(.data)
 .data          0x0000000020000000        0x4 ./Drivers/CMSIS/Device/ST/STM32F4xx/Source/Templates/system_stm32f4xx.o
                0x0000000020000000                SystemCoreClock
 .data          0x0000000020000004        0x4 ./Middlewares/Third_Party/FreeRTOS/Source/portable/GCC/ARM_CM4F/port.o
 .data          0x0000000020000008        0x5 ./Tracealyzer/trcKernelPort.o
                0x0000000020000008                TraceQueueClassTable
 *fill*         0x000000002000000d        0x3 
 .data          0x0000000020000010        0x4 ./Tracealyzer/trcSnapshotRecorder.o
 *(.data*)
                0x0000000020000014                . = ALIGN (0x4)
                0x0000000020000014                _edata = .
                0x0000000008004dd4                _siccmram = LOADADDR (.ccmram)

.igot.plt       0x0000000020000014        0x0 load address 0x0000000008004dd4
 .igot.plt      0x0000000020000014        0x0 c:/st/stm32cubeide_1.9.0/stm32cubeide/plugins/com.st.stm32cube.ide.mcu.externaltools.gnu-tools-for-stm32.10.3-2021.10.win32_1.0.0.202111181127/tools/bin/../lib/gcc/arm-none-eabi/10.3.1/thumb/v7e-m+fp/hard/crtbegin.o

.ccmram         0x0000000010000000        0x0 load address 0x0000000008004dd4
                0x0000000010000000                . = ALIGN (0x4)
                0x0000000010000000                _sccmram = .
 *(.ccmram)
 *(.ccmram*)
                0x0000000010000000                . = ALIGN (0x4)
                0x0000000010000000                _eccmram = .
                0x0000000010000000                . = ALIGN (0x4)

.bss            0x0000000020000014     0x5880
                0x0000000020000014                _sbss = .
                0x0000000020000014                __bss_start__ = _sbss
 *(.bss)
 .bss           0x0000000020000014       0x1c c:/st/stm32cubeide_1.9.0/stm32cubeide/plugins/com.st.stm32cube.ide.mcu.externaltools.gnu-tools-for-stm32.10.3-2021.10.win32_1.0.0.202111181127/tools/bin/../lib/gcc/arm-none-eabi/10.3.1/thumb/v7e-m+fp/hard/crtbegin.o
 .bss           0x0000000020000030        0x4 ./Drivers/STM32F4xx_HAL_Driver/Src/stm32f4xx_hal.o
                0x0000000020000030                uwTick
 .bss           0x0000000020000034      0x128 ./Middlewares/Third_Party/FreeRTOS/Source/tasks.o
                0x0000000020000064                pxCurrentTCB
 .bss           0x000000002000015c        0x8 ./Middlewares/Third_Party/FreeRTOS/Source/portable/GCC/ARM_CM4F/port.o
 .bss           0x0000000020000164     0x3c18 ./Middlewares/Third_Party/FreeRTOS/Source/portable/MemMang/heap_4.o
 .bss           0x0000000020003d7c       0x90 ./Src/main.o
                0x0000000020003d7c                hcan2
                0x0000000020003dfc                sigLightsHandle
                0x0000000020003dfe                regenInputs
                0x0000000020003e00                auxBmsInputs
                0x0000000020003e02                driversInputs
                0x0000000020003e06                batteryErrors
                0x0000000020003e0b                lightsInputs
 .bss           0x0000000020003e0c       0x40 ./Src/stm32f4xx_hal_timebase_TIM.o
                0x0000000020003e0c                htim2
                0x0000000020003e48                uwIncrementState
 .bss           0x0000000020003e4c        0x8 ./Tracealyzer/trcKernelPort.o
                0x0000000020003e50                uiInEventGroupSetBitsFromISR
 .bss           0x0000000020003e54     0x1a40 ./Tracealyzer/trcSnapshotRecorder.o
                0x0000000020003e54                RecorderDataPtr
                0x0000000020003e58                vTraceStopHookPtr
                0x0000000020003e5c                recorder_busy
                0x0000000020003e60                traceErrorMessage
                0x0000000020003e64                handle_of_last_logged_task
                0x0000000020003e68                RecorderInitialized
                0x0000000020003e6c                timestampFrequency
                0x0000000020003e70                objectHandleStacks
                0x0000000020003f00                CurrentFilterMask
                0x0000000020003f02                CurrentFilterGroup
                0x0000000020003f04                tasksNotIncluded
                0x0000000020003f08                tasksInStackMonitor
                0x0000000020003f58                init_hwtc_count
                0x0000000020003f5c                xKernelPortDataBuffer
                0x0000000020003f60                trace_disable_timestamp
                0x0000000020003f74                nISRactive
                0x0000000020003f80                isPendingContextSwitch
                0x0000000020003f88                RecorderData
                0x000000002000588c                uiTraceSystemState
                0x0000000020005890                uiTraceTickCount
 *(.bss*)
 *(COMMON)
                0x0000000020005894                . = ALIGN (0x4)
                0x0000000020005894                _ebss = .
                0x0000000020005894                __bss_end__ = _ebss

._user_heap_stack
                0x0000000020005894      0x604
                0x0000000020005898                . = ALIGN (0x8)
 *fill*         0x0000000020005894        0x4 
                [!provide]                        PROVIDE (end = .)
                [!provide]                        PROVIDE (_end = .)
                0x0000000020005a98                . = (. + _Min_Heap_Size)
 *fill*         0x0000000020005898      0x200 
                0x0000000020005e98                . = (. + _Min_Stack_Size)
 *fill*         0x0000000020005a98      0x400 
                0x0000000020005e98                . = ALIGN (0x8)

/DISCARD/
 libc.a(*)
 libm.a(*)
 libgcc.a(*)

.ARM.attributes
                0x0000000000000000       0x30
 *(.ARM.attributes)
 .ARM.attributes
                0x0000000000000000       0x1e c:/st/stm32cubeide_1.9.0/stm32cubeide/plugins/com.st.stm32cube.ide.mcu.externaltools.gnu-tools-for-stm32.10.3-2021.10.win32_1.0.0.202111181127/tools/bin/../lib/gcc/arm-none-eabi/10.3.1/thumb/v7e-m+fp/hard/crti.o
 .ARM.attributes
                0x000000000000001e       0x34 c:/st/stm32cubeide_1.9.0/stm32cubeide/plugins/com.st.stm32cube.ide.mcu.externaltools.gnu-tools-for-stm32.10.3-2021.10.win32_1.0.0.202111181127/tools/bin/../lib/gcc/arm-none-eabi/10.3.1/thumb/v7e-m+fp/hard/crtbegin.o
 .ARM.attributes
                0x0000000000000052       0x21 ./Drivers/CMSIS/Device/ST/STM32F4xx/Source/Templates/gcc/startup_stm32f407xx.o
 .ARM.attributes
                0x0000000000000073       0x34 ./Drivers/CMSIS/Device/ST/STM32F4xx/Source/Templates/system_stm32f4xx.o
 .ARM.attributes
                0x00000000000000a7       0x34 ./Drivers/STM32F4xx_HAL_Driver/Src/stm32f4xx_hal.o
 .ARM.attributes
                0x00000000000000db       0x34 ./Drivers/STM32F4xx_HAL_Driver/Src/stm32f4xx_hal_can.o
 .ARM.attributes
                0x000000000000010f       0x34 ./Drivers/STM32F4xx_HAL_Driver/Src/stm32f4xx_hal_cortex.o
 .ARM.attributes
                0x0000000000000143       0x34 ./Drivers/STM32F4xx_HAL_Driver/Src/stm32f4xx_hal_gpio.o
 .ARM.attributes
                0x0000000000000177       0x34 ./Drivers/STM32F4xx_HAL_Driver/Src/stm32f4xx_hal_rcc.o
 .ARM.attributes
                0x00000000000001ab       0x34 ./Drivers/STM32F4xx_HAL_Driver/Src/stm32f4xx_hal_tim.o
 .ARM.attributes
                0x00000000000001df       0x34 ./Drivers/STM32F4xx_HAL_Driver/Src/stm32f4xx_hal_tim_ex.o
 .ARM.attributes
                0x0000000000000213       0x34 ./Middlewares/Third_Party/FreeRTOS/Source/CMSIS_RTOS/cmsis_os.o
 .ARM.attributes
                0x0000000000000247       0x34 ./Middlewares/Third_Party/FreeRTOS/Source/list.o
 .ARM.attributes
                0x000000000000027b       0x34 ./Middlewares/Third_Party/FreeRTOS/Source/queue.o
 .ARM.attributes
                0x00000000000002af       0x34 ./Middlewares/Third_Party/FreeRTOS/Source/tasks.o
 .ARM.attributes
                0x00000000000002e3       0x34 ./Middlewares/Third_Party/FreeRTOS/Source/portable/GCC/ARM_CM4F/port.o
 .ARM.attributes
                0x0000000000000317       0x34 ./Middlewares/Third_Party/FreeRTOS/Source/portable/MemMang/heap_4.o
 .ARM.attributes
                0x000000000000034b       0x34 ./Src/Lights.o
 .ARM.attributes
                0x000000000000037f       0x34 ./Src/main.o
 .ARM.attributes
                0x00000000000003b3       0x34 ./Src/stm32f4xx_hal_msp.o
 .ARM.attributes
                0x00000000000003e7       0x34 ./Src/stm32f4xx_hal_timebase_TIM.o
 .ARM.attributes
                0x000000000000041b       0x34 ./Src/stm32f4xx_it.o
 .ARM.attributes
                0x000000000000044f       0x34 ./Tracealyzer/trcKernelPort.o
 .ARM.attributes
                0x0000000000000483       0x34 ./Tracealyzer/trcSnapshotRecorder.o
 .ARM.attributes
                0x00000000000004b7       0x34 c:/st/stm32cubeide_1.9.0/stm32cubeide/plugins/com.st.stm32cube.ide.mcu.externaltools.gnu-tools-for-stm32.10.3-2021.10.win32_1.0.0.202111181127/tools/bin/../lib/gcc/arm-none-eabi/10.3.1/../../../../arm-none-eabi/lib/thumb/v7e-m+fp/hard\libc_nano.a(lib_a-init.o)
 .ARM.attributes
                0x00000000000004eb       0x34 c:/st/stm32cubeide_1.9.0/stm32cubeide/plugins/com.st.stm32cube.ide.mcu.externaltools.gnu-tools-for-stm32.10.3-2021.10.win32_1.0.0.202111181127/tools/bin/../lib/gcc/arm-none-eabi/10.3.1/../../../../arm-none-eabi/lib/thumb/v7e-m+fp/hard\libc_nano.a(lib_a-memcpy-stub.o)
 .ARM.attributes
                0x000000000000051f       0x34 c:/st/stm32cubeide_1.9.0/stm32cubeide/plugins/com.st.stm32cube.ide.mcu.externaltools.gnu-tools-for-stm32.10.3-2021.10.win32_1.0.0.202111181127/tools/bin/../lib/gcc/arm-none-eabi/10.3.1/../../../../arm-none-eabi/lib/thumb/v7e-m+fp/hard\libc_nano.a(lib_a-memset.o)
 .ARM.attributes
                0x0000000000000553       0x1e c:/st/stm32cubeide_1.9.0/stm32cubeide/plugins/com.st.stm32cube.ide.mcu.externaltools.gnu-tools-for-stm32.10.3-2021.10.win32_1.0.0.202111181127/tools/bin/../lib/gcc/arm-none-eabi/10.3.1/thumb/v7e-m+fp/hard/crtn.o
OUTPUT(EpsilonLights.elf elf32-littlearm)
LOAD linker stubs
LOAD c:/st/stm32cubeide_1.9.0/stm32cubeide/plugins/com.st.stm32cube.ide.mcu.externaltools.gnu-tools-for-stm32.10.3-2021.10.win32_1.0.0.202111181127/tools/bin/../lib/gcc/arm-none-eabi/10.3.1/../../../../arm-none-eabi/lib/thumb/v7e-m+fp/hard\libc.a
LOAD c:/st/stm32cubeide_1.9.0/stm32cubeide/plugins/com.st.stm32cube.ide.mcu.externaltools.gnu-tools-for-stm32.10.3-2021.10.win32_1.0.0.202111181127/tools/bin/../lib/gcc/arm-none-eabi/10.3.1/../../../../arm-none-eabi/lib/thumb/v7e-m+fp/hard\libm.a
LOAD c:/st/stm32cubeide_1.9.0/stm32cubeide/plugins/com.st.stm32cube.ide.mcu.externaltools.gnu-tools-for-stm32.10.3-2021.10.win32_1.0.0.202111181127/tools/bin/../lib/gcc/arm-none-eabi/10.3.1/thumb/v7e-m+fp/hard\libgcc.a

.debug_line     0x0000000000000000    0x1b622
 .debug_line    0x0000000000000000       0xae ./Drivers/CMSIS/Device/ST/STM32F4xx/Source/Templates/gcc/startup_stm32f407xx.o
 .debug_line    0x00000000000000ae      0x986 ./Drivers/CMSIS/Device/ST/STM32F4xx/Source/Templates/system_stm32f4xx.o
 .debug_line    0x0000000000000a34      0xb15 ./Drivers/STM32F4xx_HAL_Driver/Src/stm32f4xx_hal.o
 .debug_line    0x0000000000001549     0x176d ./Drivers/STM32F4xx_HAL_Driver/Src/stm32f4xx_hal_can.o
 .debug_line    0x0000000000002cb6      0xd88 ./Drivers/STM32F4xx_HAL_Driver/Src/stm32f4xx_hal_cortex.o
 .debug_line    0x0000000000003a3e      0xe06 ./Drivers/STM32F4xx_HAL_Driver/Src/stm32f4xx_hal_gpio.o
 .debug_line    0x0000000000004844     0x129a ./Drivers/STM32F4xx_HAL_Driver/Src/stm32f4xx_hal_rcc.o
 .debug_line    0x0000000000005ade     0x35e3 ./Drivers/STM32F4xx_HAL_Driver/Src/stm32f4xx_hal_tim.o
 .debug_line    0x00000000000090c1     0x1274 ./Drivers/STM32F4xx_HAL_Driver/Src/stm32f4xx_hal_tim_ex.o
 .debug_line    0x000000000000a335     0x1a0c ./Middlewares/Third_Party/FreeRTOS/Source/CMSIS_RTOS/cmsis_os.o
 .debug_line    0x000000000000bd41      0xcc9 ./Middlewares/Third_Party/FreeRTOS/Source/list.o
 .debug_line    0x000000000000ca0a     0x20df ./Middlewares/Third_Party/FreeRTOS/Source/queue.o
 .debug_line    0x000000000000eae9     0x318c ./Middlewares/Third_Party/FreeRTOS/Source/tasks.o
 .debug_line    0x0000000000011c75      0xf8e ./Middlewares/Third_Party/FreeRTOS/Source/portable/GCC/ARM_CM4F/port.o
 .debug_line    0x0000000000012c03      0xf3a ./Middlewares/Third_Party/FreeRTOS/Source/portable/MemMang/heap_4.o
 .debug_line    0x0000000000013b3d     0x10c8 ./Src/Lights.o
 .debug_line    0x0000000000014c05      0xedf ./Src/main.o
 .debug_line    0x0000000000015ae4      0x924 ./Src/stm32f4xx_hal_msp.o
 .debug_line    0x0000000000016408      0x93e ./Src/stm32f4xx_hal_timebase_TIM.o
 .debug_line    0x0000000000016d46      0xbb7 ./Src/stm32f4xx_it.o
 .debug_line    0x00000000000178fd      0xfd7 ./Tracealyzer/trcKernelPort.o
 .debug_line    0x00000000000188d4     0x2d4e ./Tracealyzer/trcSnapshotRecorder.o

.debug_info     0x0000000000000000    0x1b9ca
 .debug_info    0x0000000000000000       0x22 ./Drivers/CMSIS/Device/ST/STM32F4xx/Source/Templates/gcc/startup_stm32f407xx.o
 .debug_info    0x0000000000000022      0x50c ./Drivers/CMSIS/Device/ST/STM32F4xx/Source/Templates/system_stm32f4xx.o
 .debug_info    0x000000000000052e      0x962 ./Drivers/STM32F4xx_HAL_Driver/Src/stm32f4xx_hal.o
 .debug_info    0x0000000000000e90      0xccc ./Drivers/STM32F4xx_HAL_Driver/Src/stm32f4xx_hal_can.o
 .debug_info    0x0000000000001b5c      0xfec ./Drivers/STM32F4xx_HAL_Driver/Src/stm32f4xx_hal_cortex.o
 .debug_info    0x0000000000002b48      0x7a9 ./Drivers/STM32F4xx_HAL_Driver/Src/stm32f4xx_hal_gpio.o
 .debug_info    0x00000000000032f1      0xe68 ./Drivers/STM32F4xx_HAL_Driver/Src/stm32f4xx_hal_rcc.o
 .debug_info    0x0000000000004159     0x3a09 ./Drivers/STM32F4xx_HAL_Driver/Src/stm32f4xx_hal_tim.o
 .debug_info    0x0000000000007b62     0x132e ./Drivers/STM32F4xx_HAL_Driver/Src/stm32f4xx_hal_tim_ex.o
 .debug_info    0x0000000000008e90     0x20fb ./Middlewares/Third_Party/FreeRTOS/Source/CMSIS_RTOS/cmsis_os.o
 .debug_info    0x000000000000af8b      0x2d9 ./Middlewares/Third_Party/FreeRTOS/Source/list.o
 .debug_info    0x000000000000b264     0x2978 ./Middlewares/Third_Party/FreeRTOS/Source/queue.o
 .debug_info    0x000000000000dbdc     0x39fd ./Middlewares/Third_Party/FreeRTOS/Source/tasks.o
 .debug_info    0x00000000000115d9      0x56c ./Middlewares/Third_Party/FreeRTOS/Source/portable/GCC/ARM_CM4F/port.o
 .debug_info    0x0000000000011b45      0x51f ./Middlewares/Third_Party/FreeRTOS/Source/portable/MemMang/heap_4.o
 .debug_info    0x0000000000012064     0x12d4 ./Src/Lights.o
 .debug_info    0x0000000000013338     0x17c4 ./Src/main.o
 .debug_info    0x0000000000014afc      0xdc0 ./Src/stm32f4xx_hal_msp.o
 .debug_info    0x00000000000158bc      0xc4a ./Src/stm32f4xx_hal_timebase_TIM.o
 .debug_info    0x0000000000016506      0xb63 ./Src/stm32f4xx_it.o
 .debug_info    0x0000000000017069     0x116f ./Tracealyzer/trcKernelPort.o
 .debug_info    0x00000000000181d8     0x37f2 ./Tracealyzer/trcSnapshotRecorder.o

.debug_abbrev   0x0000000000000000     0x3fe0
 .debug_abbrev  0x0000000000000000       0x12 ./Drivers/CMSIS/Device/ST/STM32F4xx/Source/Templates/gcc/startup_stm32f407xx.o
 .debug_abbrev  0x0000000000000012      0x12f ./Drivers/CMSIS/Device/ST/STM32F4xx/Source/Templates/system_stm32f4xx.o
 .debug_abbrev  0x0000000000000141      0x28a ./Drivers/STM32F4xx_HAL_Driver/Src/stm32f4xx_hal.o
 .debug_abbrev  0x00000000000003cb      0x2d1 ./Drivers/STM32F4xx_HAL_Driver/Src/stm32f4xx_hal_can.o
 .debug_abbrev  0x000000000000069c      0x35e ./Drivers/STM32F4xx_HAL_Driver/Src/stm32f4xx_hal_cortex.o
 .debug_abbrev  0x00000000000009fa      0x1f0 ./Drivers/STM32F4xx_HAL_Driver/Src/stm32f4xx_hal_gpio.o
 .debug_abbrev  0x0000000000000bea      0x3c7 ./Drivers/STM32F4xx_HAL_Driver/Src/stm32f4xx_hal_rcc.o
 .debug_abbrev  0x0000000000000fb1      0x39f ./Drivers/STM32F4xx_HAL_Driver/Src/stm32f4xx_hal_tim.o
 .debug_abbrev  0x0000000000001350      0x2d1 ./Drivers/STM32F4xx_HAL_Driver/Src/stm32f4xx_hal_tim_ex.o
 .debug_abbrev  0x0000000000001621      0x48e ./Middlewares/Third_Party/FreeRTOS/Source/CMSIS_RTOS/cmsis_os.o
 .debug_abbrev  0x0000000000001aaf      0x102 ./Middlewares/Third_Party/FreeRTOS/Source/list.o
 .debug_abbrev  0x0000000000001bb1      0x3d7 ./Middlewares/Third_Party/FreeRTOS/Source/queue.o
 .debug_abbrev  0x0000000000001f88      0x4bd ./Middlewares/Third_Party/FreeRTOS/Source/tasks.o
 .debug_abbrev  0x0000000000002445      0x27c ./Middlewares/Third_Party/FreeRTOS/Source/portable/GCC/ARM_CM4F/port.o
 .debug_abbrev  0x00000000000026c1      0x2b1 ./Middlewares/Third_Party/FreeRTOS/Source/portable/MemMang/heap_4.o
 .debug_abbrev  0x0000000000002972      0x3c9 ./Src/Lights.o
 .debug_abbrev  0x0000000000002d3b      0x3b7 ./Src/main.o
 .debug_abbrev  0x00000000000030f2      0x1ec ./Src/stm32f4xx_hal_msp.o
 .debug_abbrev  0x00000000000032de      0x256 ./Src/stm32f4xx_hal_timebase_TIM.o
 .debug_abbrev  0x0000000000003534      0x1e7 ./Src/stm32f4xx_it.o
 .debug_abbrev  0x000000000000371b      0x329 ./Tracealyzer/trcKernelPort.o
 .debug_abbrev  0x0000000000003a44      0x59c ./Tracealyzer/trcSnapshotRecorder.o

.debug_aranges  0x0000000000000000      0xf40
 .debug_aranges
                0x0000000000000000       0x28 ./Drivers/CMSIS/Device/ST/STM32F4xx/Source/Templates/gcc/startup_stm32f407xx.o
 .debug_aranges
                0x0000000000000028       0x28 ./Drivers/CMSIS/Device/ST/STM32F4xx/Source/Templates/system_stm32f4xx.o
 .debug_aranges
                0x0000000000000050       0xb8 ./Drivers/STM32F4xx_HAL_Driver/Src/stm32f4xx_hal.o
 .debug_aranges
                0x0000000000000108       0x88 ./Drivers/STM32F4xx_HAL_Driver/Src/stm32f4xx_hal_can.o
 .debug_aranges
                0x0000000000000190       0x98 ./Drivers/STM32F4xx_HAL_Driver/Src/stm32f4xx_hal_cortex.o
 .debug_aranges
                0x0000000000000228       0x58 ./Drivers/STM32F4xx_HAL_Driver/Src/stm32f4xx_hal_gpio.o
 .debug_aranges
                0x0000000000000280       0x80 ./Drivers/STM32F4xx_HAL_Driver/Src/stm32f4xx_hal_rcc.o
 .debug_aranges
                0x0000000000000300      0x250 ./Drivers/STM32F4xx_HAL_Driver/Src/stm32f4xx_hal_tim.o
 .debug_aranges
                0x0000000000000550       0xf0 ./Drivers/STM32F4xx_HAL_Driver/Src/stm32f4xx_hal_tim_ex.o
 .debug_aranges
                0x0000000000000640      0x180 ./Middlewares/Third_Party/FreeRTOS/Source/CMSIS_RTOS/cmsis_os.o
 .debug_aranges
                0x00000000000007c0       0x40 ./Middlewares/Third_Party/FreeRTOS/Source/list.o
 .debug_aranges
                0x0000000000000800       0xd8 ./Middlewares/Third_Party/FreeRTOS/Source/queue.o
 .debug_aranges
                0x00000000000008d8      0x190 ./Middlewares/Third_Party/FreeRTOS/Source/tasks.o
 .debug_aranges
                0x0000000000000a68       0x80 ./Middlewares/Third_Party/FreeRTOS/Source/portable/GCC/ARM_CM4F/port.o
 .debug_aranges
                0x0000000000000ae8       0x48 ./Middlewares/Third_Party/FreeRTOS/Source/portable/MemMang/heap_4.o
 .debug_aranges
                0x0000000000000b30       0x70 ./Src/Lights.o
 .debug_aranges
                0x0000000000000ba0       0x30 ./Src/main.o
 .debug_aranges
                0x0000000000000bd0       0x30 ./Src/stm32f4xx_hal_msp.o
 .debug_aranges
                0x0000000000000c00       0x38 ./Src/stm32f4xx_hal_timebase_TIM.o
 .debug_aranges
                0x0000000000000c38       0x30 ./Src/stm32f4xx_it.o
 .debug_aranges
                0x0000000000000c68       0xd8 ./Tracealyzer/trcKernelPort.o
 .debug_aranges
                0x0000000000000d40      0x200 ./Tracealyzer/trcSnapshotRecorder.o

.debug_str      0x0000000000000000    0x88269
 .debug_str     0x0000000000000000       0xa3 ./Drivers/CMSIS/Device/ST/STM32F4xx/Source/Templates/gcc/startup_stm32f407xx.o
 .debug_str     0x00000000000000a3    0x6dbc4 ./Drivers/CMSIS/Device/ST/STM32F4xx/Source/Templates/system_stm32f4xx.o
                                      0x6dead (size before relaxing)
 .debug_str     0x000000000006dc67      0x9f9 ./Drivers/STM32F4xx_HAL_Driver/Src/stm32f4xx_hal.o
                                      0x6e88a (size before relaxing)
 .debug_str     0x000000000006e660      0x4a5 ./Drivers/STM32F4xx_HAL_Driver/Src/stm32f4xx_hal_can.o
                                      0x6e239 (size before relaxing)
 .debug_str     0x000000000006eb05      0x313 ./Drivers/STM32F4xx_HAL_Driver/Src/stm32f4xx_hal_cortex.o
                                      0x6e6f1 (size before relaxing)
 .debug_str     0x000000000006ee18      0x2f2 ./Drivers/STM32F4xx_HAL_Driver/Src/stm32f4xx_hal_gpio.o
                                      0x6e104 (size before relaxing)
 .debug_str     0x000000000006f10a      0x38c ./Drivers/STM32F4xx_HAL_Driver/Src/stm32f4xx_hal_rcc.o
                                      0x6e2a2 (size before relaxing)
 .debug_str     0x000000000006f496     0x1085 ./Drivers/STM32F4xx_HAL_Driver/Src/stm32f4xx_hal_tim.o
                                      0x6eeb3 (size before relaxing)
 .debug_str     0x000000000007051b      0x4ec ./Drivers/STM32F4xx_HAL_Driver/Src/stm32f4xx_hal_tim_ex.o
                                      0x6e788 (size before relaxing)
 .debug_str     0x0000000000070a07    0x13235 ./Middlewares/Third_Party/FreeRTOS/Source/CMSIS_RTOS/cmsis_os.o
                                      0x80cc9 (size before relaxing)
 .debug_str     0x0000000000083c3c      0x22a ./Middlewares/Third_Party/FreeRTOS/Source/list.o
                                      0x7dfe2 (size before relaxing)
 .debug_str     0x0000000000083e66      0x9b3 ./Middlewares/Third_Party/FreeRTOS/Source/queue.o
                                      0x7fcf7 (size before relaxing)
 .debug_str     0x0000000000084819      0xfc8 ./Middlewares/Third_Party/FreeRTOS/Source/tasks.o
                                      0x805b4 (size before relaxing)
 .debug_str     0x00000000000857e1      0x744 ./Middlewares/Third_Party/FreeRTOS/Source/portable/GCC/ARM_CM4F/port.o
                                      0x7ede0 (size before relaxing)
 .debug_str     0x0000000000085f25      0x25b ./Middlewares/Third_Party/FreeRTOS/Source/portable/MemMang/heap_4.o
                                      0x7e909 (size before relaxing)
 .debug_str     0x0000000000086180      0x4ad ./Src/Lights.o
                                      0x80a1f (size before relaxing)
 .debug_str     0x000000000008662d      0x1bc ./Src/main.o
                                      0x8177c (size before relaxing)
 .debug_str     0x00000000000867e9       0x1b ./Src/stm32f4xx_hal_msp.o
                                      0x6e643 (size before relaxing)
 .debug_str     0x0000000000086804       0x61 ./Src/stm32f4xx_hal_timebase_TIM.o
                                      0x6e87d (size before relaxing)
 .debug_str     0x0000000000086865       0x6f ./Src/stm32f4xx_it.o
                                      0x80b4b (size before relaxing)
 .debug_str     0x00000000000868d4      0x6fd ./Tracealyzer/trcKernelPort.o
                                      0x8015f (size before relaxing)
 .debug_str     0x0000000000086fd1     0x1298 ./Tracealyzer/trcSnapshotRecorder.o
                                      0x7f3b8 (size before relaxing)

.debug_ranges   0x0000000000000000     0x1790
 .debug_ranges  0x0000000000000000       0x20 ./Drivers/CMSIS/Device/ST/STM32F4xx/Source/Templates/gcc/startup_stm32f407xx.o
 .debug_ranges  0x0000000000000020       0x18 ./Drivers/CMSIS/Device/ST/STM32F4xx/Source/Templates/system_stm32f4xx.o
 .debug_ranges  0x0000000000000038       0xa8 ./Drivers/STM32F4xx_HAL_Driver/Src/stm32f4xx_hal.o
 .debug_ranges  0x00000000000000e0       0x78 ./Drivers/STM32F4xx_HAL_Driver/Src/stm32f4xx_hal_can.o
 .debug_ranges  0x0000000000000158      0x140 ./Drivers/STM32F4xx_HAL_Driver/Src/stm32f4xx_hal_cortex.o
 .debug_ranges  0x0000000000000298       0x68 ./Drivers/STM32F4xx_HAL_Driver/Src/stm32f4xx_hal_gpio.o
 .debug_ranges  0x0000000000000300      0x138 ./Drivers/STM32F4xx_HAL_Driver/Src/stm32f4xx_hal_rcc.o
 .debug_ranges  0x0000000000000438      0x330 ./Drivers/STM32F4xx_HAL_Driver/Src/stm32f4xx_hal_tim.o
 .debug_ranges  0x0000000000000768       0xe0 ./Drivers/STM32F4xx_HAL_Driver/Src/stm32f4xx_hal_tim_ex.o
 .debug_ranges  0x0000000000000848      0x310 ./Middlewares/Third_Party/FreeRTOS/Source/CMSIS_RTOS/cmsis_os.o
 .debug_ranges  0x0000000000000b58       0x30 ./Middlewares/Third_Party/FreeRTOS/Source/list.o
 .debug_ranges  0x0000000000000b88      0x128 ./Middlewares/Third_Party/FreeRTOS/Source/queue.o
 .debug_ranges  0x0000000000000cb0      0x2f0 ./Middlewares/Third_Party/FreeRTOS/Source/tasks.o
 .debug_ranges  0x0000000000000fa0       0xa8 ./Middlewares/Third_Party/FreeRTOS/Source/portable/GCC/ARM_CM4F/port.o
 .debug_ranges  0x0000000000001048       0x38 ./Middlewares/Third_Party/FreeRTOS/Source/portable/MemMang/heap_4.o
 .debug_ranges  0x0000000000001080       0x90 ./Src/Lights.o
 .debug_ranges  0x0000000000001110       0xb8 ./Src/main.o
 .debug_ranges  0x00000000000011c8       0x58 ./Src/stm32f4xx_hal_msp.o
 .debug_ranges  0x0000000000001220       0x48 ./Src/stm32f4xx_hal_timebase_TIM.o
 .debug_ranges  0x0000000000001268       0x20 ./Src/stm32f4xx_it.o
 .debug_ranges  0x0000000000001288      0x170 ./Tracealyzer/trcKernelPort.o
 .debug_ranges  0x00000000000013f8      0x398 ./Tracealyzer/trcSnapshotRecorder.o

.debug_loc      0x0000000000000000     0xdb67
 .debug_loc     0x0000000000000000      0x118 ./Drivers/CMSIS/Device/ST/STM32F4xx/Source/Templates/system_stm32f4xx.o
 .debug_loc     0x0000000000000118       0xda ./Drivers/STM32F4xx_HAL_Driver/Src/stm32f4xx_hal.o
 .debug_loc     0x00000000000001f2      0x8ac ./Drivers/STM32F4xx_HAL_Driver/Src/stm32f4xx_hal_can.o
 .debug_loc     0x0000000000000a9e      0x5ae ./Drivers/STM32F4xx_HAL_Driver/Src/stm32f4xx_hal_cortex.o
 .debug_loc     0x000000000000104c      0x475 ./Drivers/STM32F4xx_HAL_Driver/Src/stm32f4xx_hal_gpio.o
 .debug_loc     0x00000000000014c1      0x75a ./Drivers/STM32F4xx_HAL_Driver/Src/stm32f4xx_hal_rcc.o
 .debug_loc     0x0000000000001c1b     0x3995 ./Drivers/STM32F4xx_HAL_Driver/Src/stm32f4xx_hal_tim.o
 .debug_loc     0x00000000000055b0      0x864 ./Drivers/STM32F4xx_HAL_Driver/Src/stm32f4xx_hal_tim_ex.o
 .debug_loc     0x0000000000005e14     0x150a ./Middlewares/Third_Party/FreeRTOS/Source/CMSIS_RTOS/cmsis_os.o
 .debug_loc     0x000000000000731e       0xaf ./Middlewares/Third_Party/FreeRTOS/Source/list.o
 .debug_loc     0x00000000000073cd     0x13c6 ./Middlewares/Third_Party/FreeRTOS/Source/queue.o
 .debug_loc     0x0000000000008793     0x1bf6 ./Middlewares/Third_Party/FreeRTOS/Source/tasks.o
 .debug_loc     0x000000000000a389       0xc4 ./Middlewares/Third_Party/FreeRTOS/Source/portable/GCC/ARM_CM4F/port.o
 .debug_loc     0x000000000000a44d      0x2fc ./Middlewares/Third_Party/FreeRTOS/Source/portable/MemMang/heap_4.o
 .debug_loc     0x000000000000a749      0x680 ./Src/Lights.o
 .debug_loc     0x000000000000adc9       0x22 ./Src/main.o
 .debug_loc     0x000000000000adeb       0x57 ./Src/stm32f4xx_hal_msp.o
 .debug_loc     0x000000000000ae42       0xde ./Src/stm32f4xx_hal_timebase_TIM.o
 .debug_loc     0x000000000000af20      0x623 ./Tracealyzer/trcKernelPort.o
 .debug_loc     0x000000000000b543     0x2624 ./Tracealyzer/trcSnapshotRecorder.o

.debug_macro    0x0000000000000000    0x19c04
 .debug_macro   0x0000000000000000      0x335 ./Drivers/CMSIS/Device/ST/STM32F4xx/Source/Templates/system_stm32f4xx.o
 .debug_macro   0x0000000000000335      0xa84 ./Drivers/CMSIS/Device/ST/STM32F4xx/Source/Templates/system_stm32f4xx.o
 .debug_macro   0x0000000000000db9       0x31 ./Drivers/CMSIS/Device/ST/STM32F4xx/Source/Templates/system_stm32f4xx.o
 .debug_macro   0x0000000000000dea       0x28 ./Drivers/CMSIS/Device/ST/STM32F4xx/Source/Templates/system_stm32f4xx.o
 .debug_macro   0x0000000000000e12       0x22 ./Drivers/CMSIS/Device/ST/STM32F4xx/Source/Templates/system_stm32f4xx.o
 .debug_macro   0x0000000000000e34       0x8e ./Drivers/CMSIS/Device/ST/STM32F4xx/Source/Templates/system_stm32f4xx.o
 .debug_macro   0x0000000000000ec2       0x51 ./Drivers/CMSIS/Device/ST/STM32F4xx/Source/Templates/system_stm32f4xx.o
 .debug_macro   0x0000000000000f13      0x103 ./Drivers/CMSIS/Device/ST/STM32F4xx/Source/Templates/system_stm32f4xx.o
 .debug_macro   0x0000000000001016       0x6a ./Drivers/CMSIS/Device/ST/STM32F4xx/Source/Templates/system_stm32f4xx.o
 .debug_macro   0x0000000000001080      0x1df ./Drivers/CMSIS/Device/ST/STM32F4xx/Source/Templates/system_stm32f4xx.o
 .debug_macro   0x000000000000125f       0x35 ./Drivers/CMSIS/Device/ST/STM32F4xx/Source/Templates/system_stm32f4xx.o
 .debug_macro   0x0000000000001294       0x50 ./Drivers/CMSIS/Device/ST/STM32F4xx/Source/Templates/system_stm32f4xx.o
 .debug_macro   0x00000000000012e4      0xe66 ./Drivers/CMSIS/Device/ST/STM32F4xx/Source/Templates/system_stm32f4xx.o
 .debug_macro   0x000000000000214a     0x93f9 ./Drivers/CMSIS/Device/ST/STM32F4xx/Source/Templates/system_stm32f4xx.o
 .debug_macro   0x000000000000b543       0x43 ./Drivers/CMSIS/Device/ST/STM32F4xx/Source/Templates/system_stm32f4xx.o
 .debug_macro   0x000000000000b586       0xe2 ./Drivers/CMSIS/Device/ST/STM32F4xx/Source/Templates/system_stm32f4xx.o
 .debug_macro   0x000000000000b668      0x1b0 ./Drivers/CMSIS/Device/ST/STM32F4xx/Source/Templates/system_stm32f4xx.o
 .debug_macro   0x000000000000b818     0x347f ./Drivers/CMSIS/Device/ST/STM32F4xx/Source/Templates/system_stm32f4xx.o
 .debug_macro   0x000000000000ec97       0x52 ./Drivers/CMSIS/Device/ST/STM32F4xx/Source/Templates/system_stm32f4xx.o
 .debug_macro   0x000000000000ece9       0x1e ./Drivers/CMSIS/Device/ST/STM32F4xx/Source/Templates/system_stm32f4xx.o
 .debug_macro   0x000000000000ed07       0x3c ./Drivers/CMSIS/Device/ST/STM32F4xx/Source/Templates/system_stm32f4xx.o
 .debug_macro   0x000000000000ed43       0x34 ./Drivers/CMSIS/Device/ST/STM32F4xx/Source/Templates/system_stm32f4xx.o
 .debug_macro   0x000000000000ed77       0x16 ./Drivers/CMSIS/Device/ST/STM32F4xx/Source/Templates/system_stm32f4xx.o
 .debug_macro   0x000000000000ed8d       0x97 ./Drivers/CMSIS/Device/ST/STM32F4xx/Source/Templates/system_stm32f4xx.o
 .debug_macro   0x000000000000ee24      0x341 ./Drivers/CMSIS/Device/ST/STM32F4xx/Source/Templates/system_stm32f4xx.o
 .debug_macro   0x000000000000f165       0xfd ./Drivers/CMSIS/Device/ST/STM32F4xx/Source/Templates/system_stm32f4xx.o
 .debug_macro   0x000000000000f262       0x10 ./Drivers/CMSIS/Device/ST/STM32F4xx/Source/Templates/system_stm32f4xx.o
 .debug_macro   0x000000000000f272       0x16 ./Drivers/CMSIS/Device/ST/STM32F4xx/Source/Templates/system_stm32f4xx.o
 .debug_macro   0x000000000000f288       0x43 ./Drivers/CMSIS/Device/ST/STM32F4xx/Source/Templates/system_stm32f4xx.o
 .debug_macro   0x000000000000f2cb       0x34 ./Drivers/CMSIS/Device/ST/STM32F4xx/Source/Templates/system_stm32f4xx.o
 .debug_macro   0x000000000000f2ff       0x10 ./Drivers/CMSIS/Device/ST/STM32F4xx/Source/Templates/system_stm32f4xx.o
 .debug_macro   0x000000000000f30f       0x58 ./Drivers/CMSIS/Device/ST/STM32F4xx/Source/Templates/system_stm32f4xx.o
 .debug_macro   0x000000000000f367       0x71 ./Drivers/CMSIS/Device/ST/STM32F4xx/Source/Templates/system_stm32f4xx.o
 .debug_macro   0x000000000000f3d8       0x1c ./Drivers/CMSIS/Device/ST/STM32F4xx/Source/Templates/system_stm32f4xx.o
 .debug_macro   0x000000000000f3f4      0x12a ./Drivers/CMSIS/Device/ST/STM32F4xx/Source/Templates/system_stm32f4xx.o
 .debug_macro   0x000000000000f51e       0x10 ./Drivers/CMSIS/Device/ST/STM32F4xx/Source/Templates/system_stm32f4xx.o
 .debug_macro   0x000000000000f52e       0x1c ./Drivers/CMSIS/Device/ST/STM32F4xx/Source/Templates/system_stm32f4xx.o
 .debug_macro   0x000000000000f54a       0x52 ./Drivers/CMSIS/Device/ST/STM32F4xx/Source/Templates/system_stm32f4xx.o
 .debug_macro   0x000000000000f59c       0x22 ./Drivers/CMSIS/Device/ST/STM32F4xx/Source/Templates/system_stm32f4xx.o
 .debug_macro   0x000000000000f5be       0x10 ./Drivers/CMSIS/Device/ST/STM32F4xx/Source/Templates/system_stm32f4xx.o
 .debug_macro   0x000000000000f5ce       0x52 ./Drivers/CMSIS/Device/ST/STM32F4xx/Source/Templates/system_stm32f4xx.o
 .debug_macro   0x000000000000f620       0xd5 ./Drivers/CMSIS/Device/ST/STM32F4xx/Source/Templates/system_stm32f4xx.o
 .debug_macro   0x000000000000f6f5       0x1c ./Drivers/CMSIS/Device/ST/STM32F4xx/Source/Templates/system_stm32f4xx.o
 .debug_macro   0x000000000000f711       0x3d ./Drivers/CMSIS/Device/ST/STM32F4xx/Source/Templates/system_stm32f4xx.o
 .debug_macro   0x000000000000f74e       0x16 ./Drivers/CMSIS/Device/ST/STM32F4xx/Source/Templates/system_stm32f4xx.o
 .debug_macro   0x000000000000f764      0x145 ./Drivers/CMSIS/Device/ST/STM32F4xx/Source/Templates/system_stm32f4xx.o
 .debug_macro   0x000000000000f8a9       0x50 ./Drivers/CMSIS/Device/ST/STM32F4xx/Source/Templates/system_stm32f4xx.o
 .debug_macro   0x000000000000f8f9      0x964 ./Drivers/CMSIS/Device/ST/STM32F4xx/Source/Templates/system_stm32f4xx.o
 .debug_macro   0x000000000001025d      0x9e1 ./Drivers/CMSIS/Device/ST/STM32F4xx/Source/Templates/system_stm32f4xx.o
 .debug_macro   0x0000000000010c3e      0x11e ./Drivers/CMSIS/Device/ST/STM32F4xx/Source/Templates/system_stm32f4xx.o
 .debug_macro   0x0000000000010d5c      0x13e ./Drivers/CMSIS/Device/ST/STM32F4xx/Source/Templates/system_stm32f4xx.o
 .debug_macro   0x0000000000010e9a       0x27 ./Drivers/CMSIS/Device/ST/STM32F4xx/Source/Templates/system_stm32f4xx.o
 .debug_macro   0x0000000000010ec1      0x287 ./Drivers/CMSIS/Device/ST/STM32F4xx/Source/Templates/system_stm32f4xx.o
 .debug_macro   0x0000000000011148       0x5f ./Drivers/CMSIS/Device/ST/STM32F4xx/Source/Templates/system_stm32f4xx.o
 .debug_macro   0x00000000000111a7      0x23a ./Drivers/CMSIS/Device/ST/STM32F4xx/Source/Templates/system_stm32f4xx.o
 .debug_macro   0x00000000000113e1      0x37c ./Drivers/CMSIS/Device/ST/STM32F4xx/Source/Templates/system_stm32f4xx.o
 .debug_macro   0x000000000001175d      0x13a ./Drivers/CMSIS/Device/ST/STM32F4xx/Source/Templates/system_stm32f4xx.o
 .debug_macro   0x0000000000011897      0x21e ./Drivers/CMSIS/Device/ST/STM32F4xx/Source/Templates/system_stm32f4xx.o
 .debug_macro   0x0000000000011ab5       0x2e ./Drivers/CMSIS/Device/ST/STM32F4xx/Source/Templates/system_stm32f4xx.o
 .debug_macro   0x0000000000011ae3      0x11e ./Drivers/CMSIS/Device/ST/STM32F4xx/Source/Templates/system_stm32f4xx.o
 .debug_macro   0x0000000000011c01       0x7f ./Drivers/CMSIS/Device/ST/STM32F4xx/Source/Templates/system_stm32f4xx.o
 .debug_macro   0x0000000000011c80       0x89 ./Drivers/CMSIS/Device/ST/STM32F4xx/Source/Templates/system_stm32f4xx.o
 .debug_macro   0x0000000000011d09      0x6d9 ./Drivers/CMSIS/Device/ST/STM32F4xx/Source/Templates/system_stm32f4xx.o
 .debug_macro   0x00000000000123e2       0x5c ./Drivers/CMSIS/Device/ST/STM32F4xx/Source/Templates/system_stm32f4xx.o
 .debug_macro   0x000000000001243e      0x14d ./Drivers/CMSIS/Device/ST/STM32F4xx/Source/Templates/system_stm32f4xx.o
 .debug_macro   0x000000000001258b      0x125 ./Drivers/CMSIS/Device/ST/STM32F4xx/Source/Templates/system_stm32f4xx.o
 .debug_macro   0x00000000000126b0      0x37d ./Drivers/STM32F4xx_HAL_Driver/Src/stm32f4xx_hal.o
 .debug_macro   0x0000000000012a2d      0x335 ./Drivers/STM32F4xx_HAL_Driver/Src/stm32f4xx_hal_can.o
 .debug_macro   0x0000000000012d62      0x32f ./Drivers/STM32F4xx_HAL_Driver/Src/stm32f4xx_hal_cortex.o
 .debug_macro   0x0000000000013091      0x367 ./Drivers/STM32F4xx_HAL_Driver/Src/stm32f4xx_hal_gpio.o
 .debug_macro   0x00000000000133f8      0x359 ./Drivers/STM32F4xx_HAL_Driver/Src/stm32f4xx_hal_rcc.o
 .debug_macro   0x0000000000013751      0x330 ./Drivers/STM32F4xx_HAL_Driver/Src/stm32f4xx_hal_tim.o
 .debug_macro   0x0000000000013a81      0x32f ./Drivers/STM32F4xx_HAL_Driver/Src/stm32f4xx_hal_tim_ex.o
 .debug_macro   0x0000000000013db0      0x4bd ./Middlewares/Third_Party/FreeRTOS/Source/CMSIS_RTOS/cmsis_os.o
 .debug_macro   0x000000000001426d       0x4c ./Middlewares/Third_Party/FreeRTOS/Source/CMSIS_RTOS/cmsis_os.o
 .debug_macro   0x00000000000142b9       0x94 ./Middlewares/Third_Party/FreeRTOS/Source/CMSIS_RTOS/cmsis_os.o
 .debug_macro   0x000000000001434d      0x174 ./Middlewares/Third_Party/FreeRTOS/Source/CMSIS_RTOS/cmsis_os.o
 .debug_macro   0x00000000000144c1       0x57 ./Middlewares/Third_Party/FreeRTOS/Source/CMSIS_RTOS/cmsis_os.o
 .debug_macro   0x0000000000014518       0x10 ./Middlewares/Third_Party/FreeRTOS/Source/CMSIS_RTOS/cmsis_os.o
 .debug_macro   0x0000000000014528       0x35 ./Middlewares/Third_Party/FreeRTOS/Source/CMSIS_RTOS/cmsis_os.o
 .debug_macro   0x000000000001455d       0x20 ./Middlewares/Third_Party/FreeRTOS/Source/CMSIS_RTOS/cmsis_os.o
 .debug_macro   0x000000000001457d       0x16 ./Middlewares/Third_Party/FreeRTOS/Source/CMSIS_RTOS/cmsis_os.o
 .debug_macro   0x0000000000014593       0x26 ./Middlewares/Third_Party/FreeRTOS/Source/CMSIS_RTOS/cmsis_os.o
 .debug_macro   0x00000000000145b9       0xc6 ./Middlewares/Third_Party/FreeRTOS/Source/CMSIS_RTOS/cmsis_os.o
 .debug_macro   0x000000000001467f       0x10 ./Middlewares/Third_Party/FreeRTOS/Source/CMSIS_RTOS/cmsis_os.o
 .debug_macro   0x000000000001468f      0x2d0 ./Middlewares/Third_Party/FreeRTOS/Source/CMSIS_RTOS/cmsis_os.o
 .debug_macro   0x000000000001495f       0x3b ./Middlewares/Third_Party/FreeRTOS/Source/CMSIS_RTOS/cmsis_os.o
 .debug_macro   0x000000000001499a      0x1b6 ./Middlewares/Third_Party/FreeRTOS/Source/CMSIS_RTOS/cmsis_os.o
 .debug_macro   0x0000000000014b50       0x1c ./Middlewares/Third_Party/FreeRTOS/Source/CMSIS_RTOS/cmsis_os.o
 .debug_macro   0x0000000000014b6c       0x83 ./Middlewares/Third_Party/FreeRTOS/Source/CMSIS_RTOS/cmsis_os.o
 .debug_macro   0x0000000000014bef       0x34 ./Middlewares/Third_Party/FreeRTOS/Source/CMSIS_RTOS/cmsis_os.o
 .debug_macro   0x0000000000014c23       0x9d ./Middlewares/Third_Party/FreeRTOS/Source/CMSIS_RTOS/cmsis_os.o
 .debug_macro   0x0000000000014cc0       0x10 ./Middlewares/Third_Party/FreeRTOS/Source/CMSIS_RTOS/cmsis_os.o
 .debug_macro   0x0000000000014cd0       0x4b ./Middlewares/Third_Party/FreeRTOS/Source/CMSIS_RTOS/cmsis_os.o
 .debug_macro   0x0000000000014d1b       0x76 ./Middlewares/Third_Party/FreeRTOS/Source/CMSIS_RTOS/cmsis_os.o
 .debug_macro   0x0000000000014d91       0x16 ./Middlewares/Third_Party/FreeRTOS/Source/CMSIS_RTOS/cmsis_os.o
 .debug_macro   0x0000000000014da7      0xbbd ./Middlewares/Third_Party/FreeRTOS/Source/CMSIS_RTOS/cmsis_os.o
 .debug_macro   0x0000000000015964       0x3a ./Middlewares/Third_Party/FreeRTOS/Source/CMSIS_RTOS/cmsis_os.o
 .debug_macro   0x000000000001599e       0x22 ./Middlewares/Third_Party/FreeRTOS/Source/CMSIS_RTOS/cmsis_os.o
 .debug_macro   0x00000000000159c0       0x4c ./Middlewares/Third_Party/FreeRTOS/Source/CMSIS_RTOS/cmsis_os.o
 .debug_macro   0x0000000000015a0c      0x242 ./Middlewares/Third_Party/FreeRTOS/Source/CMSIS_RTOS/cmsis_os.o
 .debug_macro   0x0000000000015c4e      0x15d ./Middlewares/Third_Party/FreeRTOS/Source/CMSIS_RTOS/cmsis_os.o
 .debug_macro   0x0000000000015dab       0xe4 ./Middlewares/Third_Party/FreeRTOS/Source/CMSIS_RTOS/cmsis_os.o
 .debug_macro   0x0000000000015e8f       0x10 ./Middlewares/Third_Party/FreeRTOS/Source/CMSIS_RTOS/cmsis_os.o
 .debug_macro   0x0000000000015e9f       0x1f ./Middlewares/Third_Party/FreeRTOS/Source/CMSIS_RTOS/cmsis_os.o
 .debug_macro   0x0000000000015ebe      0x249 ./Middlewares/Third_Party/FreeRTOS/Source/CMSIS_RTOS/cmsis_os.o
 .debug_macro   0x0000000000016107       0xc0 ./Middlewares/Third_Party/FreeRTOS/Source/CMSIS_RTOS/cmsis_os.o
 .debug_macro   0x00000000000161c7       0x9a ./Middlewares/Third_Party/FreeRTOS/Source/CMSIS_RTOS/cmsis_os.o
 .debug_macro   0x0000000000016261       0x91 ./Middlewares/Third_Party/FreeRTOS/Source/CMSIS_RTOS/cmsis_os.o
 .debug_macro   0x00000000000162f2       0xb0 ./Middlewares/Third_Party/FreeRTOS/Source/CMSIS_RTOS/cmsis_os.o
 .debug_macro   0x00000000000163a2       0x7f ./Middlewares/Third_Party/FreeRTOS/Source/CMSIS_RTOS/cmsis_os.o
 .debug_macro   0x0000000000016421       0xcf ./Middlewares/Third_Party/FreeRTOS/Source/CMSIS_RTOS/cmsis_os.o
 .debug_macro   0x00000000000164f0      0x452 ./Middlewares/Third_Party/FreeRTOS/Source/list.o
 .debug_macro   0x0000000000016942      0x4dd ./Middlewares/Third_Party/FreeRTOS/Source/queue.o
 .debug_macro   0x0000000000016e1f       0x16 ./Middlewares/Third_Party/FreeRTOS/Source/queue.o
 .debug_macro   0x0000000000016e35      0x519 ./Middlewares/Third_Party/FreeRTOS/Source/tasks.o
 .debug_macro   0x000000000001734e       0x11 ./Middlewares/Third_Party/FreeRTOS/Source/tasks.o
 .debug_macro   0x000000000001735f      0x4ff ./Middlewares/Third_Party/FreeRTOS/Source/portable/GCC/ARM_CM4F/port.o
 .debug_macro   0x000000000001785e      0x479 ./Middlewares/Third_Party/FreeRTOS/Source/portable/MemMang/heap_4.o
 .debug_macro   0x0000000000017cd7      0x4a9 ./Src/Lights.o
 .debug_macro   0x0000000000018180       0x22 ./Src/Lights.o
 .debug_macro   0x00000000000181a2       0x94 ./Src/Lights.o
 .debug_macro   0x0000000000018236      0x4a9 ./Src/main.o
 .debug_macro   0x00000000000186df       0xcc ./Src/main.o
 .debug_macro   0x00000000000187ab       0x89 ./Src/main.o
 .debug_macro   0x0000000000018834      0x32f ./Src/stm32f4xx_hal_msp.o
 .debug_macro   0x0000000000018b63      0x32f ./Src/stm32f4xx_hal_timebase_TIM.o
 .debug_macro   0x0000000000018e92      0x49d ./Src/stm32f4xx_it.o
 .debug_macro   0x000000000001932f      0x46a ./Tracealyzer/trcKernelPort.o
 .debug_macro   0x0000000000019799      0x46b ./Tracealyzer/trcSnapshotRecorder.o

.comment        0x0000000000000000       0x50
 .comment       0x0000000000000000       0x50 ./Drivers/CMSIS/Device/ST/STM32F4xx/Source/Templates/system_stm32f4xx.o
                                         0x51 (size before relaxing)
 .comment       0x0000000000000050       0x51 ./Drivers/STM32F4xx_HAL_Driver/Src/stm32f4xx_hal.o
 .comment       0x0000000000000050       0x51 ./Drivers/STM32F4xx_HAL_Driver/Src/stm32f4xx_hal_can.o
 .comment       0x0000000000000050       0x51 ./Drivers/STM32F4xx_HAL_Driver/Src/stm32f4xx_hal_cortex.o
 .comment       0x0000000000000050       0x51 ./Drivers/STM32F4xx_HAL_Driver/Src/stm32f4xx_hal_gpio.o
 .comment       0x0000000000000050       0x51 ./Drivers/STM32F4xx_HAL_Driver/Src/stm32f4xx_hal_rcc.o
 .comment       0x0000000000000050       0x51 ./Drivers/STM32F4xx_HAL_Driver/Src/stm32f4xx_hal_tim.o
 .comment       0x0000000000000050       0x51 ./Drivers/STM32F4xx_HAL_Driver/Src/stm32f4xx_hal_tim_ex.o
 .comment       0x0000000000000050       0x51 ./Middlewares/Third_Party/FreeRTOS/Source/CMSIS_RTOS/cmsis_os.o
 .comment       0x0000000000000050       0x51 ./Middlewares/Third_Party/FreeRTOS/Source/list.o
 .comment       0x0000000000000050       0x51 ./Middlewares/Third_Party/FreeRTOS/Source/queue.o
 .comment       0x0000000000000050       0x51 ./Middlewares/Third_Party/FreeRTOS/Source/tasks.o
 .comment       0x0000000000000050       0x51 ./Middlewares/Third_Party/FreeRTOS/Source/portable/GCC/ARM_CM4F/port.o
 .comment       0x0000000000000050       0x51 ./Middlewares/Third_Party/FreeRTOS/Source/portable/MemMang/heap_4.o