../Tracealyzer/trcKernelPort.c:517:8:TzCtrl	8	static
../Tracealyzer/trcKernelPort.c:134:13:xTraceKernelPortGetUnusedStack	8	static
../Tracealyzer/trcKernelPort.c:143:13:xTraceKernelPortDelay	8	static
../Tracealyzer/trcKernelPort.c:150:15:xTraceKernelPortIsSchedulerSuspended	8	static
../Tracealyzer/trcKernelPort.c:293:10:prvTraceGetQueueNumber	0	static
../Tracealyzer/trcKernelPort.c:300:9:prvTraceGetQueueType	0	static
../Tracealyzer/trcKernelPort.c:307:10:prvTraceGetTaskNumberLow16	8	static
../Tracealyzer/trcKernelPort.c:312:10:prvTraceGetTaskNumberHigh16	8	static
../Tracealyzer/trcKernelPort.c:317:6:prvTraceSetTaskNumberLow16	16	static
../Tracealyzer/trcKernelPort.c:322:6:prvTraceSetTaskNumberHigh16	16	static
../Tracealyzer/trcKernelPort.c:327:10:prvTraceGetQueueNumberLow16	8	static
../Tracealyzer/trcKernelPort.c:332:10:prvTraceGetQueueNumberHigh16	8	static
../Tracealyzer/trcKernelPort.c:337:6:prvTraceSetQueueNumberLow16	16	static
../Tracealyzer/trcKernelPort.c:342:6:prvTraceSetQueueNumberHigh16	16	static
../Tracealyzer/trcKernelPort.c:437:6:vTraceSetQueueName	16	static
../Tracealyzer/trcKernelPort.c:442:6:vTraceSetSemaphoreName	16	static
../Tracealyzer/trcKernelPort.c:447:6:vTraceSetMutexName	16	static
../Tracealyzer/trcKernelPort.c:454:6:vTraceSetEventGroupName	16	static
../Tracealyzer/trcKernelPort.c:477:7:prvTraceGetCurrentTaskHandle	0	static
../Tracealyzer/trcKernelPort.c:482:13:xTraceKernelPortInitialize	0	static
../Tracealyzer/trcKernelPort.c:489:13:xTraceKernelPortEnable	24	static
../Tracealyzer/trcKernelPort.c:534:13:xTraceKernelPortInitObjectPropertyTable	0	static
../Tracealyzer/trcKernelPort.c:578:13:xTraceKernelPortInitObjectHandleStack	16	static
../Tracealyzer/trcKernelPort.c:615:13:pszTraceGetErrorNotEnoughHandles	0	static
