../Tracealyzer/trcSnapshotRecorder.c:435:13:prvTraceStop	0	static
../Tracealyzer/trcSnapshotRecorder.c:879:16:writeInt16	8	static
../Tracealyzer/trcSnapshotRecorder.c:907:16:writeInt32	8	static
../Tracealyzer/trcSnapshotRecorder.c:2537:13:prvStrncpy	0	static
../Tracealyzer/trcSnapshotRecorder.c:2701:6:prvCheckDataToBeOverwrittenForMultiEntryEvents	24	static
../Tracealyzer/trcSnapshotRecorder.c:2746:6:prvTraceUpdateCounters	0	static
../Tracealyzer/trcSnapshotRecorder.c:314:13:xTraceGetEventBuffer	0	static
../Tracealyzer/trcSnapshotRecorder.c:363:13:xTraceDisable	8	static
../Tracealyzer/trcSnapshotRecorder.c:370:6:vTraceSetStopHook	0	static
../Tracealyzer/trcSnapshotRecorder.c:375:6:vTraceClear	16	static,ignoring_inline_asm
../Tracealyzer/trcSnapshotRecorder.c:452:10:xTraceIsRecorderEnabled	0	static
../Tracealyzer/trcSnapshotRecorder.c:469:10:xTraceIsRecorderInitialized	0	static
../Tracealyzer/trcSnapshotRecorder.c:480:13:xTraceErrorGetLast	0	static
../Tracealyzer/trcSnapshotRecorder.c:493:6:vTraceClearError	0	static
../Tracealyzer/trcSnapshotRecorder.c:510:7:xTraceGetTraceBuffer	0	static
../Tracealyzer/trcSnapshotRecorder.c:522:10:uiTraceGetTraceBufferSize	0	static
../Tracealyzer/trcSnapshotRecorder.c:1815:6:prvTraceSetReadyEventsEnabled	0	static
../Tracealyzer/trcSnapshotRecorder.c:2634:6:vTraceSetFrequency	0	static
../Tracealyzer/trcSnapshotRecorder.c:2655:6:prvTraceError	16	static
../Tracealyzer/trcSnapshotRecorder.c:2405:7:prvTraceNextFreeEventBufferSlot	8	static
../Tracealyzer/trcSnapshotRecorder.c:2148:17:prvTraceGetParam	16	static
../Tracealyzer/trcSnapshotRecorder.c:2595:21:prvTraceOpenSymbol	64	static,ignoring_inline_asm
../Tracealyzer/trcSnapshotRecorder.c:1649:13:xTraceStringRegister	8	static
../Tracealyzer/trcSnapshotRecorder.c:1660:21:xTraceRegisterString	16	static
../Tracealyzer/trcSnapshotRecorder.c:2422:10:uiIndexOfObject	8	static
../Tracealyzer/trcSnapshotRecorder.c:2292:6:prvTraceStoreObjectNameOnCloseEvent	16	static
../Tracealyzer/trcSnapshotRecorder.c:2322:6:prvTraceStoreObjectPropertiesOnCloseEvent	32	static
../Tracealyzer/trcSnapshotRecorder.c:2352:6:prvTraceSetPriorityProperty	24	static
../Tracealyzer/trcSnapshotRecorder.c:2362:9:prvTraceGetPriorityProperty	16	static
../Tracealyzer/trcSnapshotRecorder.c:2372:6:prvTraceSetObjectState	24	static
../Tracealyzer/trcSnapshotRecorder.c:2392:6:prvTraceSetTaskInstanceFinished	16	static
../Tracealyzer/trcSnapshotRecorder.c:2526:6:prvMarkObjectAsUsed	8	static
../Tracealyzer/trcSnapshotRecorder.c:2442:13:prvTraceGetObjectHandle	24	static,ignoring_inline_asm
../Tracealyzer/trcSnapshotRecorder.c:2494:6:prvTraceFreeObjectHandle	4	static
../Tracealyzer/trcSnapshotRecorder.c:2554:6:prvTraceSetObjectName	16	static
../Tracealyzer/trcSnapshotRecorder.c:655:14:xTraceSetISRProperties	16	static
../Tracealyzer/trcSnapshotRecorder.c:2675:6:vTraceSetFilterMask	0	static
../Tracealyzer/trcSnapshotRecorder.c:2680:6:vTraceSetFilterGroup	0	static
../Tracealyzer/trcSnapshotRecorder.c:3076:6:xTraceHardwarePortInitCortexM	0	static
../Tracealyzer/trcSnapshotRecorder.c:1669:13:xTraceInitialize	16	static
../Tracealyzer/trcSnapshotRecorder.c:3141:6:prvTracePortGetTimeStamp	8	static
../Tracealyzer/trcSnapshotRecorder.c:2782:10:prvTraceGetDTS	24	static
../Tracealyzer/trcSnapshotRecorder.c:545:13:prvTraceTaskInstanceFinish	24	static,ignoring_inline_asm
../Tracealyzer/trcSnapshotRecorder.c:593:13:xTraceTaskInstanceFinishedNext	8	static
../Tracealyzer/trcSnapshotRecorder.c:624:13:xTraceTaskInstanceFinishedNow	8	static
../Tracealyzer/trcSnapshotRecorder.c:688:6:vTraceStoreISRBegin	24	static,ignoring_inline_asm
../Tracealyzer/trcSnapshotRecorder.c:767:6:vTraceStoreISREnd	24	static,ignoring_inline_asm
../Tracealyzer/trcSnapshotRecorder.c:1464:13:xTraceVPrintF	80	static,ignoring_inline_asm
../Tracealyzer/trcSnapshotRecorder.c:1444:13:xTracePrintF	12	static
../Tracealyzer/trcSnapshotRecorder.c:1591:13:xTracePrint	32	static,ignoring_inline_asm
../Tracealyzer/trcSnapshotRecorder.c:1825:6:prvTraceStoreTaskReady	24	static,ignoring_inline_asm
../Tracealyzer/trcSnapshotRecorder.c:1889:6:prvTraceStoreLowPower	24	static,ignoring_inline_asm
../Tracealyzer/trcSnapshotRecorder.c:1939:6:vTraceStoreMemMangEvent	40	static,ignoring_inline_asm
../Tracealyzer/trcSnapshotRecorder.c:2024:6:prvTraceStoreKernelCall	24	static,ignoring_inline_asm
../Tracealyzer/trcSnapshotRecorder.c:2085:6:prvTraceStoreKernelCallWithParam	40	static,ignoring_inline_asm
../Tracealyzer/trcSnapshotRecorder.c:2182:6:prvTraceStoreKernelCallWithNumericParamOnly	32	static,ignoring_inline_asm
../Tracealyzer/trcSnapshotRecorder.c:2232:6:prvTraceStoreTaskswitch	32	static,ignoring_inline_asm
../Tracealyzer/trcSnapshotRecorder.c:327:13:xTraceEnable	24	static,ignoring_inline_asm
../Tracealyzer/trcSnapshotRecorder.c:3252:6:prvAddTaskToStackMonitor	8	static
../Tracealyzer/trcSnapshotRecorder.c:3275:6:prvRemoveTaskFromStackMonitor	8	static
../Tracealyzer/trcSnapshotRecorder.c:3289:6:prvReportStackUsage	24	static
