../Middlewares/Third_Party/FreeRTOS/Source/CMSIS_RTOS/cmsis_os.c:154:10:osKernelStart	8	static
../Middlewares/Third_Party/FreeRTOS/Source/CMSIS_RTOS/cmsis_os.c:168:9:osKernelRunning	8	static
../Middlewares/Third_Party/FreeRTOS/Source/CMSIS_RTOS/cmsis_os.c:193:10:osKernelSysTick	0	static,ignoring_inline_asm
../Middlewares/Third_Party/FreeRTOS/Source/CMSIS_RTOS/cmsis_os.c:213:12:osThreadCreate	40	static
../Middlewares/Third_Party/FreeRTOS/Source/CMSIS_RTOS/cmsis_os.c:232:12:osThreadGetId	0	static
../Middlewares/Third_Party/FreeRTOS/Source/CMSIS_RTOS/cmsis_os.c:247:10:osThreadTerminate	8	static
../Middlewares/Third_Party/FreeRTOS/Source/CMSIS_RTOS/cmsis_os.c:262:10:osThreadYield	0	static,ignoring_inline_asm
../Middlewares/Third_Party/FreeRTOS/Source/CMSIS_RTOS/cmsis_os.c:275:10:osThreadSetPriority	8	static
../Middlewares/Third_Party/FreeRTOS/Source/CMSIS_RTOS/cmsis_os.c:291:12:osThreadGetPriority	8	static,ignoring_inline_asm
../Middlewares/Third_Party/FreeRTOS/Source/CMSIS_RTOS/cmsis_os.c:315:10:osDelay	8	static
../Middlewares/Third_Party/FreeRTOS/Source/CMSIS_RTOS/cmsis_os.c:347:11:osTimerCreate	0	static
../Middlewares/Third_Party/FreeRTOS/Source/CMSIS_RTOS/cmsis_os.c:367:10:osTimerStart	0	static
../Middlewares/Third_Party/FreeRTOS/Source/CMSIS_RTOS/cmsis_os.c:410:10:osTimerStop	0	static
../Middlewares/Third_Party/FreeRTOS/Source/CMSIS_RTOS/cmsis_os.c:445:10:osTimerDelete	0	static
../Middlewares/Third_Party/FreeRTOS/Source/CMSIS_RTOS/cmsis_os.c:476:9:osSignalSet	24	static,ignoring_inline_asm
../Middlewares/Third_Party/FreeRTOS/Source/CMSIS_RTOS/cmsis_os.c:519:9:osSignalWait	32	static,ignoring_inline_asm
../Middlewares/Third_Party/FreeRTOS/Source/CMSIS_RTOS/cmsis_os.c:583:11:osMutexCreate	0	static
../Middlewares/Third_Party/FreeRTOS/Source/CMSIS_RTOS/cmsis_os.c:599:10:osMutexWait	16	static,ignoring_inline_asm
../Middlewares/Third_Party/FreeRTOS/Source/CMSIS_RTOS/cmsis_os.c:648:10:osMutexRelease	16	static,ignoring_inline_asm
../Middlewares/Third_Party/FreeRTOS/Source/CMSIS_RTOS/cmsis_os.c:676:10:osMutexDelete	8	static,ignoring_inline_asm
../Middlewares/Third_Party/FreeRTOS/Source/CMSIS_RTOS/cmsis_os.c:698:15:osSemaphoreCreate	8	static
../Middlewares/Third_Party/FreeRTOS/Source/CMSIS_RTOS/cmsis_os.c:723:9:osSemaphoreWait	16	static,ignoring_inline_asm
../Middlewares/Third_Party/FreeRTOS/Source/CMSIS_RTOS/cmsis_os.c:772:10:osSemaphoreRelease	0	static
../Middlewares/Third_Party/FreeRTOS/Source/CMSIS_RTOS/cmsis_os.c:803:10:osSemaphoreDelete	0	static
../Middlewares/Third_Party/FreeRTOS/Source/CMSIS_RTOS/cmsis_os.c:841:10:osPoolCreate	24	static
../Middlewares/Third_Party/FreeRTOS/Source/CMSIS_RTOS/cmsis_os.c:892:7:osPoolAlloc	16	static,ignoring_inline_asm
../Middlewares/Third_Party/FreeRTOS/Source/CMSIS_RTOS/cmsis_os.c:944:7:osPoolCAlloc	8	static
../Middlewares/Third_Party/FreeRTOS/Source/CMSIS_RTOS/cmsis_os.c:963:10:osPoolFree	0	static
../Middlewares/Third_Party/FreeRTOS/Source/CMSIS_RTOS/cmsis_os.c:1014:14:osMessageCreate	0	static
../Middlewares/Third_Party/FreeRTOS/Source/CMSIS_RTOS/cmsis_os.c:1028:10:osMessagePut	24	static,ignoring_inline_asm
../Middlewares/Third_Party/FreeRTOS/Source/CMSIS_RTOS/cmsis_os.c:1066:9:osMessageGet	32	static,ignoring_inline_asm
../Middlewares/Third_Party/FreeRTOS/Source/CMSIS_RTOS/cmsis_os.c:1147:11:osMailCreate	32	static
../Middlewares/Third_Party/FreeRTOS/Source/CMSIS_RTOS/cmsis_os.c:1189:7:osMailAlloc	0	static
../Middlewares/Third_Party/FreeRTOS/Source/CMSIS_RTOS/cmsis_os.c:1210:7:osMailCAlloc	8	static
../Middlewares/Third_Party/FreeRTOS/Source/CMSIS_RTOS/cmsis_os.c:1233:10:osMailPut	24	static,ignoring_inline_asm
../Middlewares/Third_Party/FreeRTOS/Source/CMSIS_RTOS/cmsis_os.c:1271:9:osMailGet	32	static,ignoring_inline_asm
../Middlewares/Third_Party/FreeRTOS/Source/CMSIS_RTOS/cmsis_os.c:1338:10:osMailFree	0	static
../Middlewares/Third_Party/FreeRTOS/Source/CMSIS_RTOS/cmsis_os.c:1355:6:osSystickHandler	8	static
../Middlewares/Third_Party/FreeRTOS/Source/CMSIS_RTOS/cmsis_os.c:1434:10:osThreadSuspend	8	static
../Middlewares/Third_Party/FreeRTOS/Source/CMSIS_RTOS/cmsis_os.c:1449:10:osThreadResume	8	static,ignoring_inline_asm
../Middlewares/Third_Party/FreeRTOS/Source/CMSIS_RTOS/cmsis_os.c:1475:10:osThreadSuspendAll	8	static
../Middlewares/Third_Party/FreeRTOS/Source/CMSIS_RTOS/cmsis_os.c:1485:10:osThreadResumeAll	8	static
../Middlewares/Third_Party/FreeRTOS/Source/CMSIS_RTOS/cmsis_os.c:1505:10:osDelayUntil	8	static
../Middlewares/Third_Party/FreeRTOS/Source/CMSIS_RTOS/cmsis_os.c:1525:10:osThreadList	0	static
../Middlewares/Third_Party/FreeRTOS/Source/CMSIS_RTOS/cmsis_os.c:1539:9:osMessagePeek	32	static
../Middlewares/Third_Party/FreeRTOS/Source/CMSIS_RTOS/cmsis_os.c:1585:11:osRecursiveMutexCreate	0	static
../Middlewares/Third_Party/FreeRTOS/Source/CMSIS_RTOS/cmsis_os.c:1600:10:osRecursiveMutexRelease	0	static
../Middlewares/Third_Party/FreeRTOS/Source/CMSIS_RTOS/cmsis_os.c:1622:10:osRecursiveMutexWait	0	static
