../Drivers/STM32F4xx_HAL_Driver/Src/stm32f4xx_hal_can.c:351:19:HAL_CAN_ConfigFilter	12	static
../Drivers/STM32F4xx_HAL_Driver/Src/stm32f4xx_hal_can.c:472:13:HAL_CAN_MspInit	0	static
../Drivers/STM32F4xx_HAL_Driver/Src/stm32f4xx_hal_can.c:169:19:HAL_CAN_Init	16	static
../Drivers/STM32F4xx_HAL_Driver/Src/stm32f4xx_hal_can.c:487:13:HAL_CAN_MspDeInit	0	static
../Drivers/STM32F4xx_HAL_Driver/Src/stm32f4xx_hal_can.c:444:19:HAL_CAN_DeInit	8	static
../Drivers/STM32F4xx_HAL_Driver/Src/stm32f4xx_hal_can.c:524:19:HAL_CAN_Transmit	32	static
../Drivers/STM32F4xx_HAL_Driver/Src/stm32f4xx_hal_can.c:647:19:HAL_CAN_Transmit_IT	20	static
../Drivers/STM32F4xx_HAL_Driver/Src/stm32f4xx_hal_can.c:756:19:HAL_CAN_Receive	24	static
../Drivers/STM32F4xx_HAL_Driver/Src/stm32f4xx_hal_can.c:859:19:HAL_CAN_Receive_IT	8	static
../Drivers/STM32F4xx_HAL_Driver/Src/stm32f4xx_hal_can.c:923:19:HAL_CAN_Sleep	16	static
../Drivers/STM32F4xx_HAL_Driver/Src/stm32f4xx_hal_can.c:972:19:HAL_CAN_WakeUp	16	static
../Drivers/STM32F4xx_HAL_Driver/Src/stm32f4xx_hal_can.c:1156:13:HAL_CAN_TxCpltCallback	0	static
../Drivers/STM32F4xx_HAL_Driver/Src/stm32f4xx_hal_can.c:1171:13:HAL_CAN_RxCpltCallback	0	static
../Drivers/STM32F4xx_HAL_Driver/Src/stm32f4xx_hal_can.c:1290:26:CAN_Receive_IT.isra	16	static
../Drivers/STM32F4xx_HAL_Driver/Src/stm32f4xx_hal_can.c:1186:13:HAL_CAN_ErrorCallback	0	static
../Drivers/STM32F4xx_HAL_Driver/Src/stm32f4xx_hal_can.c:1018:6:HAL_CAN_IRQHandler	16	static
../Drivers/STM32F4xx_HAL_Driver/Src/stm32f4xx_hal_can.c:1221:22:HAL_CAN_GetState	0	static
../Drivers/STM32F4xx_HAL_Driver/Src/stm32f4xx_hal_can.c:1233:10:HAL_CAN_GetError	0	static
