../Drivers/STM32F4xx_HAL_Driver/Src/stm32f4xx_hal_gpio.c:189:6:HAL_GPIO_Init	56	static
../Drivers/STM32F4xx_HAL_Driver/Src/stm32f4xx_hal_gpio.c:315:6:HAL_GPIO_DeInit	36	static
../Drivers/STM32F4xx_HAL_Driver/Src/stm32f4xx_hal_gpio.c:389:15:HAL_GPIO_ReadPin	0	static
../Drivers/STM32F4xx_HAL_Driver/Src/stm32f4xx_hal_gpio.c:424:6:HAL_GPIO_WritePin	0	static
../Drivers/STM32F4xx_HAL_Driver/Src/stm32f4xx_hal_gpio.c:447:6:HAL_GPIO_TogglePin	0	static
../Drivers/STM32F4xx_HAL_Driver/Src/stm32f4xx_hal_gpio.c:465:19:HAL_GPIO_LockPin	8	static
../Drivers/STM32F4xx_HAL_Driver/Src/stm32f4xx_hal_gpio.c:511:13:HAL_GPIO_EXTI_Callback	0	static
../Drivers/STM32F4xx_HAL_Driver/Src/stm32f4xx_hal_gpio.c:496:6:HAL_GPIO_EXTI_IRQHandler	8	static
