../Drivers/STM32F4xx_HAL_Driver/Src/stm32f4xx_hal.c:217:13:HAL_MspInit	0	static
../Drivers/STM32F4xx_HAL_Driver/Src/stm32f4xx_hal.c:228:13:HAL_MspDeInit	0	static
../Drivers/STM32F4xx_HAL_Driver/Src/stm32f4xx_hal.c:194:19:HAL_DeInit	8	static
../Drivers/STM32F4xx_HAL_Driver/Src/stm32f4xx_hal.c:251:26:HAL_InitTick	16	static
../Drivers/STM32F4xx_HAL_Driver/Src/stm32f4xx_hal.c:167:19:HAL_Init	8	static
../Drivers/STM32F4xx_HAL_Driver/Src/stm32f4xx_hal.c:297:13:HAL_IncTick	0	static
../Drivers/STM32F4xx_HAL_Driver/Src/stm32f4xx_hal.c:308:17:HAL_GetTick	0	static
../Drivers/STM32F4xx_HAL_Driver/Src/stm32f4xx_hal.c:324:13:HAL_Delay	16	static
../Drivers/STM32F4xx_HAL_Driver/Src/stm32f4xx_hal.c:344:13:HAL_SuspendTick	0	static
../Drivers/STM32F4xx_HAL_Driver/Src/stm32f4xx_hal.c:360:13:HAL_ResumeTick	0	static
../Drivers/STM32F4xx_HAL_Driver/Src/stm32f4xx_hal.c:370:10:HAL_GetHalVersion	0	static
../Drivers/STM32F4xx_HAL_Driver/Src/stm32f4xx_hal.c:379:10:HAL_GetREVID	0	static
../Drivers/STM32F4xx_HAL_Driver/Src/stm32f4xx_hal.c:388:10:HAL_GetDEVID	0	static
../Drivers/STM32F4xx_HAL_Driver/Src/stm32f4xx_hal.c:397:6:HAL_DBGMCU_EnableDBGSleepMode	0	static
../Drivers/STM32F4xx_HAL_Driver/Src/stm32f4xx_hal.c:406:6:HAL_DBGMCU_DisableDBGSleepMode	0	static
../Drivers/STM32F4xx_HAL_Driver/Src/stm32f4xx_hal.c:415:6:HAL_DBGMCU_EnableDBGStopMode	0	static
../Drivers/STM32F4xx_HAL_Driver/Src/stm32f4xx_hal.c:424:6:HAL_DBGMCU_DisableDBGStopMode	0	static
../Drivers/STM32F4xx_HAL_Driver/Src/stm32f4xx_hal.c:433:6:HAL_DBGMCU_EnableDBGStandbyMode	0	static
../Drivers/STM32F4xx_HAL_Driver/Src/stm32f4xx_hal.c:442:6:HAL_DBGMCU_DisableDBGStandbyMode	0	static
../Drivers/STM32F4xx_HAL_Driver/Src/stm32f4xx_hal.c:453:6:HAL_EnableCompensationCell	0	static,ignoring_inline_asm
../Drivers/STM32F4xx_HAL_Driver/Src/stm32f4xx_hal.c:464:6:HAL_DisableCompensationCell	0	static,ignoring_inline_asm
