../Drivers/STM32F4xx_HAL_Driver/Src/stm32f4xx_hal_tim.c:4493:13:TIM_OC1_SetConfig	16	static
../Drivers/STM32F4xx_HAL_Driver/Src/stm32f4xx_hal_tim.c:4549:13:TIM_OC3_SetConfig	16	static
../Drivers/STM32F4xx_HAL_Driver/Src/stm32f4xx_hal_tim.c:4608:13:TIM_OC4_SetConfig	12	static
../Drivers/STM32F4xx_HAL_Driver/Src/stm32f4xx_hal_tim.c:4658:13:TIM_SlaveTimer_SetConfig	12	static
../Drivers/STM32F4xx_HAL_Driver/Src/stm32f4xx_hal_tim.c:266:13:HAL_TIM_Base_MspInit	0	static
../Drivers/STM32F4xx_HAL_Driver/Src/stm32f4xx_hal_tim.c:281:13:HAL_TIM_Base_MspDeInit	0	static
../Drivers/STM32F4xx_HAL_Driver/Src/stm32f4xx_hal_tim.c:244:19:HAL_TIM_Base_DeInit	8	static
../Drivers/STM32F4xx_HAL_Driver/Src/stm32f4xx_hal_tim.c:296:19:HAL_TIM_Base_Start	0	static
../Drivers/STM32F4xx_HAL_Driver/Src/stm32f4xx_hal_tim.c:316:19:HAL_TIM_Base_Stop	0	static
../Drivers/STM32F4xx_HAL_Driver/Src/stm32f4xx_hal_tim.c:336:19:HAL_TIM_Base_Start_IT	0	static
../Drivers/STM32F4xx_HAL_Driver/Src/stm32f4xx_hal_tim.c:354:19:HAL_TIM_Base_Stop_IT	0	static
../Drivers/STM32F4xx_HAL_Driver/Src/stm32f4xx_hal_tim.c:374:19:HAL_TIM_Base_Start_DMA	8	static
../Drivers/STM32F4xx_HAL_Driver/Src/stm32f4xx_hal_tim.c:415:19:HAL_TIM_Base_Stop_DMA	0	static
../Drivers/STM32F4xx_HAL_Driver/Src/stm32f4xx_hal_tim.c:518:13:HAL_TIM_OC_MspInit	0	static
../Drivers/STM32F4xx_HAL_Driver/Src/stm32f4xx_hal_tim.c:533:13:HAL_TIM_OC_MspDeInit	0	static
../Drivers/STM32F4xx_HAL_Driver/Src/stm32f4xx_hal_tim.c:496:19:HAL_TIM_OC_DeInit	8	static
../Drivers/STM32F4xx_HAL_Driver/Src/stm32f4xx_hal_tim.c:1001:13:HAL_TIM_PWM_MspInit	0	static
../Drivers/STM32F4xx_HAL_Driver/Src/stm32f4xx_hal_tim.c:1016:13:HAL_TIM_PWM_MspDeInit	0	static
../Drivers/STM32F4xx_HAL_Driver/Src/stm32f4xx_hal_tim.c:979:19:HAL_TIM_PWM_DeInit	8	static
../Drivers/STM32F4xx_HAL_Driver/Src/stm32f4xx_hal_tim.c:1486:13:HAL_TIM_IC_MspInit	0	static
../Drivers/STM32F4xx_HAL_Driver/Src/stm32f4xx_hal_tim.c:1501:13:HAL_TIM_IC_MspDeInit	0	static
../Drivers/STM32F4xx_HAL_Driver/Src/stm32f4xx_hal_tim.c:1464:19:HAL_TIM_IC_DeInit	8	static
../Drivers/STM32F4xx_HAL_Driver/Src/stm32f4xx_hal_tim.c:1938:13:HAL_TIM_OnePulse_MspInit	0	static
../Drivers/STM32F4xx_HAL_Driver/Src/stm32f4xx_hal_tim.c:1953:13:HAL_TIM_OnePulse_MspDeInit	0	static
../Drivers/STM32F4xx_HAL_Driver/Src/stm32f4xx_hal_tim.c:1916:19:HAL_TIM_OnePulse_DeInit	8	static
../Drivers/STM32F4xx_HAL_Driver/Src/stm32f4xx_hal_tim.c:1972:19:HAL_TIM_OnePulse_Start	0	static
../Drivers/STM32F4xx_HAL_Driver/Src/stm32f4xx_hal_tim.c:2005:19:HAL_TIM_OnePulse_Stop	0	static
../Drivers/STM32F4xx_HAL_Driver/Src/stm32f4xx_hal_tim.c:2037:19:HAL_TIM_OnePulse_Start_IT	0	static
../Drivers/STM32F4xx_HAL_Driver/Src/stm32f4xx_hal_tim.c:2074:19:HAL_TIM_OnePulse_Stop_IT	0	static
../Drivers/STM32F4xx_HAL_Driver/Src/stm32f4xx_hal_tim.c:2228:13:HAL_TIM_Encoder_MspInit	0	static
../Drivers/STM32F4xx_HAL_Driver/Src/stm32f4xx_hal_tim.c:2243:13:HAL_TIM_Encoder_MspDeInit	0	static
../Drivers/STM32F4xx_HAL_Driver/Src/stm32f4xx_hal_tim.c:2206:19:HAL_TIM_Encoder_DeInit	8	static
../Drivers/STM32F4xx_HAL_Driver/Src/stm32f4xx_hal_tim.c:2263:19:HAL_TIM_Encoder_Start	0	static
../Drivers/STM32F4xx_HAL_Driver/Src/stm32f4xx_hal_tim.c:2308:19:HAL_TIM_Encoder_Stop	0	static
../Drivers/STM32F4xx_HAL_Driver/Src/stm32f4xx_hal_tim.c:2354:19:HAL_TIM_Encoder_Start_IT	0	static
../Drivers/STM32F4xx_HAL_Driver/Src/stm32f4xx_hal_tim.c:2404:19:HAL_TIM_Encoder_Stop_IT	0	static
../Drivers/STM32F4xx_HAL_Driver/Src/stm32f4xx_hal_tim.c:2454:19:HAL_TIM_Encoder_Start_DMA	32	static
../Drivers/STM32F4xx_HAL_Driver/Src/stm32f4xx_hal_tim.c:2556:19:HAL_TIM_Encoder_Stop_DMA	0	static
../Drivers/STM32F4xx_HAL_Driver/Src/stm32f4xx_hal_tim.c:3155:19:HAL_TIM_DMABurst_WriteStart	24	static
../Drivers/STM32F4xx_HAL_Driver/Src/stm32f4xx_hal_tim.c:3279:19:HAL_TIM_DMABurst_WriteStop	16	static
../Drivers/STM32F4xx_HAL_Driver/Src/stm32f4xx_hal_tim.c:3378:19:HAL_TIM_DMABurst_ReadStart	24	static
../Drivers/STM32F4xx_HAL_Driver/Src/stm32f4xx_hal_tim.c:3502:19:HAL_TIM_DMABurst_ReadStop	0	static
../Drivers/STM32F4xx_HAL_Driver/Src/stm32f4xx_hal_tim.c:3581:19:HAL_TIM_GenerateEvent	0	static
../Drivers/STM32F4xx_HAL_Driver/Src/stm32f4xx_hal_tim.c:3613:19:HAL_TIM_ConfigOCrefClear	16	static
../Drivers/STM32F4xx_HAL_Driver/Src/stm32f4xx_hal_tim.c:3719:19:HAL_TIM_ConfigClockSource	16	static
../Drivers/STM32F4xx_HAL_Driver/Src/stm32f4xx_hal_tim.c:3870:19:HAL_TIM_ConfigTI1Input	0	static
../Drivers/STM32F4xx_HAL_Driver/Src/stm32f4xx_hal_tim.c:3897:19:HAL_TIM_SlaveConfigSynchronization	16	static
../Drivers/STM32F4xx_HAL_Driver/Src/stm32f4xx_hal_tim.c:3924:19:HAL_TIM_SlaveConfigSynchronization_IT	16	static
../Drivers/STM32F4xx_HAL_Driver/Src/stm32f4xx_hal_tim.c:3955:10:HAL_TIM_ReadCapturedValue	0	static
../Drivers/STM32F4xx_HAL_Driver/Src/stm32f4xx_hal_tim.c:4034:13:HAL_TIM_PeriodElapsedCallback	0	static
../Drivers/STM32F4xx_HAL_Driver/Src/stm32f4xx_hal_tim.c:4467:13:TIM_DMAPeriodElapsedCplt	8	static
../Drivers/STM32F4xx_HAL_Driver/Src/stm32f4xx_hal_tim.c:4049:13:HAL_TIM_OC_DelayElapsedCallback	0	static
../Drivers/STM32F4xx_HAL_Driver/Src/stm32f4xx_hal_tim.c:4064:13:HAL_TIM_IC_CaptureCallback	0	static
../Drivers/STM32F4xx_HAL_Driver/Src/stm32f4xx_hal_tim.c:4409:6:TIM_DMACaptureCplt	8	static
../Drivers/STM32F4xx_HAL_Driver/Src/stm32f4xx_hal_tim.c:4079:13:HAL_TIM_PWM_PulseFinishedCallback	0	static
../Drivers/STM32F4xx_HAL_Driver/Src/stm32f4xx_hal_tim.c:4364:6:TIM_DMADelayPulseCplt	8	static
../Drivers/STM32F4xx_HAL_Driver/Src/stm32f4xx_hal_tim.c:4094:13:HAL_TIM_TriggerCallback	0	static
../Drivers/STM32F4xx_HAL_Driver/Src/stm32f4xx_hal_tim.c:2614:6:HAL_TIM_IRQHandler	8	static
../Drivers/STM32F4xx_HAL_Driver/Src/stm32f4xx_hal_tim.c:4480:13:TIM_DMATriggerCplt	8	static
../Drivers/STM32F4xx_HAL_Driver/Src/stm32f4xx_hal_tim.c:4109:13:HAL_TIM_ErrorCallback	0	static
../Drivers/STM32F4xx_HAL_Driver/Src/stm32f4xx_hal_tim.c:4396:6:TIM_DMAError	8	static
../Drivers/STM32F4xx_HAL_Driver/Src/stm32f4xx_hal_tim.c:4142:22:HAL_TIM_Base_GetState	0	static
../Drivers/STM32F4xx_HAL_Driver/Src/stm32f4xx_hal_tim.c:4153:22:HAL_TIM_OC_GetState	0	static
../Drivers/STM32F4xx_HAL_Driver/Src/stm32f4xx_hal_tim.c:4164:22:HAL_TIM_PWM_GetState	0	static
../Drivers/STM32F4xx_HAL_Driver/Src/stm32f4xx_hal_tim.c:4175:22:HAL_TIM_IC_GetState	0	static
../Drivers/STM32F4xx_HAL_Driver/Src/stm32f4xx_hal_tim.c:4186:22:HAL_TIM_OnePulse_GetState	0	static
../Drivers/STM32F4xx_HAL_Driver/Src/stm32f4xx_hal_tim.c:4197:22:HAL_TIM_Encoder_GetState	0	static
../Drivers/STM32F4xx_HAL_Driver/Src/stm32f4xx_hal_tim.c:4211:6:TIM_Base_SetConfig	0	static
../Drivers/STM32F4xx_HAL_Driver/Src/stm32f4xx_hal_tim.c:208:19:HAL_TIM_Base_Init	8	static
../Drivers/STM32F4xx_HAL_Driver/Src/stm32f4xx_hal_tim.c:460:19:HAL_TIM_OC_Init	8	static
../Drivers/STM32F4xx_HAL_Driver/Src/stm32f4xx_hal_tim.c:943:19:HAL_TIM_PWM_Init	8	static
../Drivers/STM32F4xx_HAL_Driver/Src/stm32f4xx_hal_tim.c:1428:19:HAL_TIM_IC_Init	8	static
../Drivers/STM32F4xx_HAL_Driver/Src/stm32f4xx_hal_tim.c:1875:19:HAL_TIM_OnePulse_Init	16	static
../Drivers/STM32F4xx_HAL_Driver/Src/stm32f4xx_hal_tim.c:2131:19:HAL_TIM_Encoder_Init	24	static
../Drivers/STM32F4xx_HAL_Driver/Src/stm32f4xx_hal_tim.c:4268:6:TIM_TI1_SetConfig	16	static
../Drivers/STM32F4xx_HAL_Driver/Src/stm32f4xx_hal_tim.c:2858:19:HAL_TIM_IC_ConfigChannel	24	static
../Drivers/STM32F4xx_HAL_Driver/Src/stm32f4xx_hal_tim.c:4307:6:TIM_OC2_SetConfig	16	static
../Drivers/STM32F4xx_HAL_Driver/Src/stm32f4xx_hal_tim.c:2791:19:HAL_TIM_OC_ConfigChannel	8	static
../Drivers/STM32F4xx_HAL_Driver/Src/stm32f4xx_hal_tim.c:2940:19:HAL_TIM_PWM_ConfigChannel	16	static
../Drivers/STM32F4xx_HAL_Driver/Src/stm32f4xx_hal_tim.c:3029:19:HAL_TIM_OnePulse_ConfigChannel	48	static
../Drivers/STM32F4xx_HAL_Driver/Src/stm32f4xx_hal_tim.c:4448:6:TIM_CCxChannelCmd	8	static
../Drivers/STM32F4xx_HAL_Driver/Src/stm32f4xx_hal_tim.c:554:19:HAL_TIM_OC_Start	8	static
../Drivers/STM32F4xx_HAL_Driver/Src/stm32f4xx_hal_tim.c:1037:19:HAL_TIM_PWM_Start	0	static
../Drivers/STM32F4xx_HAL_Driver/Src/stm32f4xx_hal_tim.c:585:19:HAL_TIM_OC_Stop	8	static
../Drivers/STM32F4xx_HAL_Driver/Src/stm32f4xx_hal_tim.c:616:19:HAL_TIM_OC_Start_IT	8	static
../Drivers/STM32F4xx_HAL_Driver/Src/stm32f4xx_hal_tim.c:1101:19:HAL_TIM_PWM_Start_IT	0	static
../Drivers/STM32F4xx_HAL_Driver/Src/stm32f4xx_hal_tim.c:682:19:HAL_TIM_OC_Stop_IT	8	static
../Drivers/STM32F4xx_HAL_Driver/Src/stm32f4xx_hal_tim.c:1167:19:HAL_TIM_PWM_Stop_IT	0	static
../Drivers/STM32F4xx_HAL_Driver/Src/stm32f4xx_hal_tim.c:750:19:HAL_TIM_OC_Start_DMA	16	static
../Drivers/STM32F4xx_HAL_Driver/Src/stm32f4xx_hal_tim.c:1235:19:HAL_TIM_PWM_Start_DMA	0	static
../Drivers/STM32F4xx_HAL_Driver/Src/stm32f4xx_hal_tim.c:856:19:HAL_TIM_OC_Stop_DMA	8	static
../Drivers/STM32F4xx_HAL_Driver/Src/stm32f4xx_hal_tim.c:1341:19:HAL_TIM_PWM_Stop_DMA	0	static
../Drivers/STM32F4xx_HAL_Driver/Src/stm32f4xx_hal_tim.c:1068:19:HAL_TIM_PWM_Stop	8	static
../Drivers/STM32F4xx_HAL_Driver/Src/stm32f4xx_hal_tim.c:1522:19:HAL_TIM_IC_Start	8	static
../Drivers/STM32F4xx_HAL_Driver/Src/stm32f4xx_hal_tim.c:1546:19:HAL_TIM_IC_Stop	8	static
../Drivers/STM32F4xx_HAL_Driver/Src/stm32f4xx_hal_tim.c:1570:19:HAL_TIM_IC_Start_IT	8	static
../Drivers/STM32F4xx_HAL_Driver/Src/stm32f4xx_hal_tim.c:1629:19:HAL_TIM_IC_Stop_IT	8	static
../Drivers/STM32F4xx_HAL_Driver/Src/stm32f4xx_hal_tim.c:1690:19:HAL_TIM_IC_Start_DMA	16	static
../Drivers/STM32F4xx_HAL_Driver/Src/stm32f4xx_hal_tim.c:1790:19:HAL_TIM_IC_Stop_DMA	8	static
