../Drivers/STM32F4xx_HAL_Driver/Src/stm32f4xx_hal_cortex.c:161:6:HAL_NVIC_SetPriorityGrouping	0	static
../Drivers/STM32F4xx_HAL_Driver/Src/stm32f4xx_hal_cortex.c:182:6:HAL_NVIC_SetPriority	12	static
../Drivers/STM32F4xx_HAL_Driver/Src/stm32f4xx_hal_cortex.c:201:6:HAL_NVIC_EnableIRQ	0	static
../Drivers/STM32F4xx_HAL_Driver/Src/stm32f4xx_hal_cortex.c:216:6:HAL_NVIC_DisableIRQ	0	static
../Drivers/STM32F4xx_HAL_Driver/Src/stm32f4xx_hal_cortex.c:228:6:HAL_NVIC_SystemReset	0	static,ignoring_inline_asm
../Drivers/STM32F4xx_HAL_Driver/Src/stm32f4xx_hal_cortex.c:241:10:HAL_SYSTICK_Config	0	static
../Drivers/STM32F4xx_HAL_Driver/Src/stm32f4xx_hal_cortex.c:272:6:HAL_MPU_ConfigRegion	8	static
../Drivers/STM32F4xx_HAL_Driver/Src/stm32f4xx_hal_cortex.c:314:10:HAL_NVIC_GetPriorityGrouping	0	static
../Drivers/STM32F4xx_HAL_Driver/Src/stm32f4xx_hal_cortex.c:341:6:HAL_NVIC_GetPriority	16	static
../Drivers/STM32F4xx_HAL_Driver/Src/stm32f4xx_hal_cortex.c:356:6:HAL_NVIC_SetPendingIRQ	0	static
../Drivers/STM32F4xx_HAL_Driver/Src/stm32f4xx_hal_cortex.c:373:10:HAL_NVIC_GetPendingIRQ	0	static
../Drivers/STM32F4xx_HAL_Driver/Src/stm32f4xx_hal_cortex.c:388:6:HAL_NVIC_ClearPendingIRQ	0	static
../Drivers/STM32F4xx_HAL_Driver/Src/stm32f4xx_hal_cortex.c:404:10:HAL_NVIC_GetActive	0	static
../Drivers/STM32F4xx_HAL_Driver/Src/stm32f4xx_hal_cortex.c:420:6:HAL_SYSTICK_CLKSourceConfig	0	static
../Drivers/STM32F4xx_HAL_Driver/Src/stm32f4xx_hal_cortex.c:448:13:HAL_SYSTICK_Callback	0	static
../Drivers/STM32F4xx_HAL_Driver/Src/stm32f4xx_hal_cortex.c:439:6:HAL_SYSTICK_IRQHandler	8	static
