../Drivers/STM32F4xx_HAL_Driver/Src/stm32f4xx_hal_flash_ex.c:922:13:FLASH_MassErase.constprop	0	static
../Drivers/STM32F4xx_HAL_Driver/Src/stm32f4xx_hal_flash_ex.c:287:19:HAL_FLASHEx_OBProgram	16	static
../Drivers/STM32F4xx_HAL_Driver/Src/stm32f4xx_hal_flash_ex.c:344:6:HAL_FLASHEx_OBGetConfig	0	static
../Drivers/STM32F4xx_HAL_Driver/Src/stm32f4xx_hal_flash_ex.c:950:6:FLASH_Erase_Sector	0	static,ignoring_inline_asm
../Drivers/STM32F4xx_HAL_Driver/Src/stm32f4xx_hal_flash_ex.c:242:19:HAL_FLASHEx_Erase_IT	8	static
../Drivers/STM32F4xx_HAL_Driver/Src/stm32f4xx_hal_flash_ex.c:1259:6:FLASH_FlushCaches	0	static
../Drivers/STM32F4xx_HAL_Driver/Src/stm32f4xx_hal_flash_ex.c:178:19:HAL_FLASHEx_Erase	32	static
