../Drivers/STM32F4xx_HAL_Driver/Src/stm32f4xx_hal_rcc.c:223:13:HAL_RCC_DeInit	0	static
../Drivers/STM32F4xx_HAL_Driver/Src/stm32f4xx_hal_rcc.c:240:26:HAL_RCC_OscConfig	32	static,ignoring_inline_asm
../Drivers/STM32F4xx_HAL_Driver/Src/stm32f4xx_hal_rcc.c:754:6:HAL_RCC_MCOConfig	48	static
../Drivers/STM32F4xx_HAL_Driver/Src/stm32f4xx_hal_rcc.c:815:6:HAL_RCC_EnableCSS	0	static
../Drivers/STM32F4xx_HAL_Driver/Src/stm32f4xx_hal_rcc.c:824:6:HAL_RCC_DisableCSS	0	static
../Drivers/STM32F4xx_HAL_Driver/Src/stm32f4xx_hal_rcc.c:859:17:HAL_RCC_GetSysClockFreq	0	static,ignoring_inline_asm
../Drivers/STM32F4xx_HAL_Driver/Src/stm32f4xx_hal_rcc.c:559:19:HAL_RCC_ClockConfig	24	static,ignoring_inline_asm
../Drivers/STM32F4xx_HAL_Driver/Src/stm32f4xx_hal_rcc.c:920:10:HAL_RCC_GetHCLKFreq	0	static
../Drivers/STM32F4xx_HAL_Driver/Src/stm32f4xx_hal_rcc.c:931:10:HAL_RCC_GetPCLK1Freq	0	static,ignoring_inline_asm
../Drivers/STM32F4xx_HAL_Driver/Src/stm32f4xx_hal_rcc.c:943:10:HAL_RCC_GetPCLK2Freq	0	static,ignoring_inline_asm
../Drivers/STM32F4xx_HAL_Driver/Src/stm32f4xx_hal_rcc.c:956:13:HAL_RCC_GetOscConfig	8	static,ignoring_inline_asm
../Drivers/STM32F4xx_HAL_Driver/Src/stm32f4xx_hal_rcc.c:1036:6:HAL_RCC_GetClockConfig	0	static
../Drivers/STM32F4xx_HAL_Driver/Src/stm32f4xx_hal_rcc.c:1073:13:HAL_RCC_CSSCallback	0	static
../Drivers/STM32F4xx_HAL_Driver/Src/stm32f4xx_hal_rcc.c:1057:6:HAL_RCC_NMI_IRQHandler	8	static
