../Drivers/STM32F4xx_HAL_Driver/Src/stm32f4xx_hal_dma.c:1101:17:DMA_CalcBaseAndBitshift	8	static
../Drivers/STM32F4xx_HAL_Driver/Src/stm32f4xx_hal_dma.c:188:19:HAL_DMA_Init	16	static
../Drivers/STM32F4xx_HAL_Driver/Src/stm32f4xx_hal_dma.c:307:19:HAL_DMA_DeInit	16	static
../Drivers/STM32F4xx_HAL_Driver/Src/stm32f4xx_hal_dma.c:382:19:HAL_DMA_Start	12	static
../Drivers/STM32F4xx_HAL_Driver/Src/stm32f4xx_hal_dma.c:421:19:HAL_DMA_Start_IT	16	static
../Drivers/STM32F4xx_HAL_Driver/Src/stm32f4xx_hal_dma.c:476:19:HAL_DMA_Abort	16	static
../Drivers/STM32F4xx_HAL_Driver/Src/stm32f4xx_hal_dma.c:536:19:HAL_DMA_Abort_IT	0	static
../Drivers/STM32F4xx_HAL_Driver/Src/stm32f4xx_hal_dma.c:565:19:HAL_DMA_PollForTransfer	40	static
../Drivers/STM32F4xx_HAL_Driver/Src/stm32f4xx_hal_dma.c:679:6:HAL_DMA_IRQHandler	32	static
../Drivers/STM32F4xx_HAL_Driver/Src/stm32f4xx_hal_dma.c:893:19:HAL_DMA_RegisterCallback	0	static
../Drivers/STM32F4xx_HAL_Driver/Src/stm32f4xx_hal_dma.c:950:19:HAL_DMA_UnRegisterCallback	8	static
../Drivers/STM32F4xx_HAL_Driver/Src/stm32f4xx_hal_dma.c:1033:22:HAL_DMA_GetState	0	static
../Drivers/STM32F4xx_HAL_Driver/Src/stm32f4xx_hal_dma.c:1044:10:HAL_DMA_GetError	0	static
