../Drivers/STM32F4xx_HAL_Driver/Src/stm32f4xx_hal_tim_ex.c:1686:13:TIM_CCxNChannelCmd	8	static
../Drivers/STM32F4xx_HAL_Driver/Src/stm32f4xx_hal_tim_ex.c:241:13:HAL_TIMEx_HallSensor_MspInit	0	static
../Drivers/STM32F4xx_HAL_Driver/Src/stm32f4xx_hal_tim_ex.c:159:19:HAL_TIMEx_HallSensor_Init	48	static
../Drivers/STM32F4xx_HAL_Driver/Src/stm32f4xx_hal_tim_ex.c:256:13:HAL_TIMEx_HallSensor_MspDeInit	0	static
../Drivers/STM32F4xx_HAL_Driver/Src/stm32f4xx_hal_tim_ex.c:219:19:HAL_TIMEx_HallSensor_DeInit	8	static
../Drivers/STM32F4xx_HAL_Driver/Src/stm32f4xx_hal_tim_ex.c:271:19:HAL_TIMEx_HallSensor_Start	8	static
../Drivers/STM32F4xx_HAL_Driver/Src/stm32f4xx_hal_tim_ex.c:290:19:HAL_TIMEx_HallSensor_Stop	8	static
../Drivers/STM32F4xx_HAL_Driver/Src/stm32f4xx_hal_tim_ex.c:309:19:HAL_TIMEx_HallSensor_Start_IT	8	static
../Drivers/STM32F4xx_HAL_Driver/Src/stm32f4xx_hal_tim_ex.c:330:19:HAL_TIMEx_HallSensor_Stop_IT	8	static
../Drivers/STM32F4xx_HAL_Driver/Src/stm32f4xx_hal_tim_ex.c:353:19:HAL_TIMEx_HallSensor_Start_DMA	16	static
../Drivers/STM32F4xx_HAL_Driver/Src/stm32f4xx_hal_tim_ex.c:397:19:HAL_TIMEx_HallSensor_Stop_DMA	8	static
../Drivers/STM32F4xx_HAL_Driver/Src/stm32f4xx_hal_tim_ex.c:448:19:HAL_TIMEx_OCN_Start	8	static
../Drivers/STM32F4xx_HAL_Driver/Src/stm32f4xx_hal_tim_ex.c:475:19:HAL_TIMEx_OCN_Stop	8	static
../Drivers/STM32F4xx_HAL_Driver/Src/stm32f4xx_hal_tim_ex.c:502:19:HAL_TIMEx_OCN_Start_IT	8	static
../Drivers/STM32F4xx_HAL_Driver/Src/stm32f4xx_hal_tim_ex.c:566:19:HAL_TIMEx_OCN_Stop_IT	8	static
../Drivers/STM32F4xx_HAL_Driver/Src/stm32f4xx_hal_tim_ex.c:637:19:HAL_TIMEx_OCN_Start_DMA	16	static
../Drivers/STM32F4xx_HAL_Driver/Src/stm32f4xx_hal_tim_ex.c:739:19:HAL_TIMEx_OCN_Stop_DMA	8	static
../Drivers/STM32F4xx_HAL_Driver/Src/stm32f4xx_hal_tim_ex.c:835:19:HAL_TIMEx_PWMN_Start	0	static
../Drivers/STM32F4xx_HAL_Driver/Src/stm32f4xx_hal_tim_ex.c:861:19:HAL_TIMEx_PWMN_Stop	0	static
../Drivers/STM32F4xx_HAL_Driver/Src/stm32f4xx_hal_tim_ex.c:888:19:HAL_TIMEx_PWMN_Start_IT	0	static
../Drivers/STM32F4xx_HAL_Driver/Src/stm32f4xx_hal_tim_ex.c:952:19:HAL_TIMEx_PWMN_Stop_IT	0	static
../Drivers/STM32F4xx_HAL_Driver/Src/stm32f4xx_hal_tim_ex.c:1023:19:HAL_TIMEx_PWMN_Start_DMA	0	static
../Drivers/STM32F4xx_HAL_Driver/Src/stm32f4xx_hal_tim_ex.c:1125:19:HAL_TIMEx_PWMN_Stop_DMA	0	static
../Drivers/STM32F4xx_HAL_Driver/Src/stm32f4xx_hal_tim_ex.c:1209:19:HAL_TIMEx_OnePulseN_Start	8	static
../Drivers/STM32F4xx_HAL_Driver/Src/stm32f4xx_hal_tim_ex.c:1232:19:HAL_TIMEx_OnePulseN_Stop	0	static
../Drivers/STM32F4xx_HAL_Driver/Src/stm32f4xx_hal_tim_ex.c:1257:19:HAL_TIMEx_OnePulseN_Start_IT	8	static
../Drivers/STM32F4xx_HAL_Driver/Src/stm32f4xx_hal_tim_ex.c:1284:19:HAL_TIMEx_OnePulseN_Stop_IT	8	static
../Drivers/STM32F4xx_HAL_Driver/Src/stm32f4xx_hal_tim_ex.c:1347:19:HAL_TIMEx_ConfigCommutationEvent	8	static
../Drivers/STM32F4xx_HAL_Driver/Src/stm32f4xx_hal_tim_ex.c:1394:19:HAL_TIMEx_ConfigCommutationEvent_IT	8	static
../Drivers/STM32F4xx_HAL_Driver/Src/stm32f4xx_hal_tim_ex.c:1444:19:HAL_TIMEx_ConfigCommutationEvent_DMA	8	static
../Drivers/STM32F4xx_HAL_Driver/Src/stm32f4xx_hal_tim_ex.c:1484:19:HAL_TIMEx_MasterConfigSynchronization	8	static
../Drivers/STM32F4xx_HAL_Driver/Src/stm32f4xx_hal_tim_ex.c:1514:19:HAL_TIMEx_ConfigBreakDeadTime	8	static
../Drivers/STM32F4xx_HAL_Driver/Src/stm32f4xx_hal_tim_ex.c:1562:19:HAL_TIMEx_RemapConfig	0	static
../Drivers/STM32F4xx_HAL_Driver/Src/stm32f4xx_hal_tim_ex.c:1601:13:HAL_TIMEx_CommutationCallback	0	static
../Drivers/STM32F4xx_HAL_Driver/Src/stm32f4xx_hal_tim_ex.c:1664:6:TIMEx_DMACommutationCplt	8	static
../Drivers/STM32F4xx_HAL_Driver/Src/stm32f4xx_hal_tim_ex.c:1616:13:HAL_TIMEx_BreakCallback	0	static
../Drivers/STM32F4xx_HAL_Driver/Src/stm32f4xx_hal_tim_ex.c:1649:22:HAL_TIMEx_HallSensor_GetState	0	static
