../Middlewares/Third_Party/FreeRTOS/Source/portable/GCC/ARM_CM4F/port.c:249:13:prvTaskExitError	0	static,ignoring_inline_asm
../Middlewares/Third_Party/FreeRTOS/Source/portable/GCC/ARM_CM4F/port.c:283:13:prvPortStartFirstTask	0	static,ignoring_inline_asm
../Middlewares/Third_Party/FreeRTOS/Source/portable/GCC/ARM_CM4F/port.c:652:13:vPortEnableVFP	0	static,ignoring_inline_asm
../Middlewares/Third_Party/FreeRTOS/Source/portable/GCC/ARM_CM4F/port.c:225:14:pxPortInitialiseStack	0	static
../Middlewares/Third_Party/FreeRTOS/Source/portable/GCC/ARM_CM4F/port.c:264:6:SVC_Handler	0	static,ignoring_inline_asm
../Middlewares/Third_Party/FreeRTOS/Source/portable/GCC/ARM_CM4F/port.c:375:6:vPortEndScheduler	0	static,ignoring_inline_asm
../Middlewares/Third_Party/FreeRTOS/Source/portable/GCC/ARM_CM4F/port.c:383:6:vPortEnterCritical	0	static,ignoring_inline_asm
../Middlewares/Third_Party/FreeRTOS/Source/portable/GCC/ARM_CM4F/port.c:400:6:vPortExitCritical	0	static,ignoring_inline_asm
../Middlewares/Third_Party/FreeRTOS/Source/portable/GCC/ARM_CM4F/port.c:412:6:PendSV_Handler	0	static,ignoring_inline_asm
../Middlewares/Third_Party/FreeRTOS/Source/portable/GCC/ARM_CM4F/port.c:469:6:xPortSysTickHandler	8	static,ignoring_inline_asm
../Middlewares/Third_Party/FreeRTOS/Source/portable/GCC/ARM_CM4F/port.c:635:30:vPortSetupTimerInterrupt	0	static
../Middlewares/Third_Party/FreeRTOS/Source/portable/GCC/ARM_CM4F/port.c:303:12:xPortStartScheduler	16	static,ignoring_inline_asm
../Middlewares/Third_Party/FreeRTOS/Source/portable/GCC/ARM_CM4F/port.c:668:6:vPortValidateInterruptPriority	0	static,ignoring_inline_asm
